Archive member included to satisfy reference by file (symbol)

C:/ST/STM32CubeIDE_1.17.0/STM32CubeIDE/plugins/com.st.stm32cube.ide.mcu.externaltools.gnu-tools-for-stm32.12.3.rel1.win32_1.1.0.202410251130/tools/bin/../lib/gcc/arm-none-eabi/12.3.1/../../../../arm-none-eabi/lib/thumb/v7e-m+fp/hard\libc_nano.a(libc_a-exit.o)
                              C:/ST/STM32CubeIDE_1.17.0/STM32CubeIDE/plugins/com.st.stm32cube.ide.mcu.externaltools.gnu-tools-for-stm32.12.3.rel1.win32_1.1.0.202410251130/tools/bin/../lib/gcc/arm-none-eabi/12.3.1/../../../../arm-none-eabi/lib/thumb/v7e-m+fp/hard/crt0.o (exit)
C:/ST/STM32CubeIDE_1.17.0/STM32CubeIDE/plugins/com.st.stm32cube.ide.mcu.externaltools.gnu-tools-for-stm32.12.3.rel1.win32_1.1.0.202410251130/tools/bin/../lib/gcc/arm-none-eabi/12.3.1/../../../../arm-none-eabi/lib/thumb/v7e-m+fp/hard\libc_nano.a(libc_a-findfp.o)
                              C:/ST/STM32CubeIDE_1.17.0/STM32CubeIDE/plugins/com.st.stm32cube.ide.mcu.externaltools.gnu-tools-for-stm32.12.3.rel1.win32_1.1.0.202410251130/tools/bin/../lib/gcc/arm-none-eabi/12.3.1/../../../../arm-none-eabi/lib/thumb/v7e-m+fp/hard\libc_nano.a(libc_a-exit.o) (__stdio_exit_handler)
C:/ST/STM32CubeIDE_1.17.0/STM32CubeIDE/plugins/com.st.stm32cube.ide.mcu.externaltools.gnu-tools-for-stm32.12.3.rel1.win32_1.1.0.202410251130/tools/bin/../lib/gcc/arm-none-eabi/12.3.1/../../../../arm-none-eabi/lib/thumb/v7e-m+fp/hard\libc_nano.a(libc_a-fwalk.o)
                              C:/ST/STM32CubeIDE_1.17.0/STM32CubeIDE/plugins/com.st.stm32cube.ide.mcu.externaltools.gnu-tools-for-stm32.12.3.rel1.win32_1.1.0.202410251130/tools/bin/../lib/gcc/arm-none-eabi/12.3.1/../../../../arm-none-eabi/lib/thumb/v7e-m+fp/hard\libc_nano.a(libc_a-findfp.o) (_fwalk_sglue)
C:/ST/STM32CubeIDE_1.17.0/STM32CubeIDE/plugins/com.st.stm32cube.ide.mcu.externaltools.gnu-tools-for-stm32.12.3.rel1.win32_1.1.0.202410251130/tools/bin/../lib/gcc/arm-none-eabi/12.3.1/../../../../arm-none-eabi/lib/thumb/v7e-m+fp/hard\libc_nano.a(libc_a-stdio.o)
                              C:/ST/STM32CubeIDE_1.17.0/STM32CubeIDE/plugins/com.st.stm32cube.ide.mcu.externaltools.gnu-tools-for-stm32.12.3.rel1.win32_1.1.0.202410251130/tools/bin/../lib/gcc/arm-none-eabi/12.3.1/../../../../arm-none-eabi/lib/thumb/v7e-m+fp/hard\libc_nano.a(libc_a-findfp.o) (__sread)
C:/ST/STM32CubeIDE_1.17.0/STM32CubeIDE/plugins/com.st.stm32cube.ide.mcu.externaltools.gnu-tools-for-stm32.12.3.rel1.win32_1.1.0.202410251130/tools/bin/../lib/gcc/arm-none-eabi/12.3.1/../../../../arm-none-eabi/lib/thumb/v7e-m+fp/hard\libc_nano.a(libc_a-vsnprintf.o)
                              ./Core/Src/main.o (vsnprintf)
C:/ST/STM32CubeIDE_1.17.0/STM32CubeIDE/plugins/com.st.stm32cube.ide.mcu.externaltools.gnu-tools-for-stm32.12.3.rel1.win32_1.1.0.202410251130/tools/bin/../lib/gcc/arm-none-eabi/12.3.1/../../../../arm-none-eabi/lib/thumb/v7e-m+fp/hard\libc_nano.a(libc_a-memset.o)
                              C:/ST/STM32CubeIDE_1.17.0/STM32CubeIDE/plugins/com.st.stm32cube.ide.mcu.externaltools.gnu-tools-for-stm32.12.3.rel1.win32_1.1.0.202410251130/tools/bin/../lib/gcc/arm-none-eabi/12.3.1/../../../../arm-none-eabi/lib/thumb/v7e-m+fp/hard/crt0.o (memset)
C:/ST/STM32CubeIDE_1.17.0/STM32CubeIDE/plugins/com.st.stm32cube.ide.mcu.externaltools.gnu-tools-for-stm32.12.3.rel1.win32_1.1.0.202410251130/tools/bin/../lib/gcc/arm-none-eabi/12.3.1/../../../../arm-none-eabi/lib/thumb/v7e-m+fp/hard\libc_nano.a(libc_a-strncpy.o)
                              ./Core/Src/File_Handling.o (strncpy)
C:/ST/STM32CubeIDE_1.17.0/STM32CubeIDE/plugins/com.st.stm32cube.ide.mcu.externaltools.gnu-tools-for-stm32.12.3.rel1.win32_1.1.0.202410251130/tools/bin/../lib/gcc/arm-none-eabi/12.3.1/../../../../arm-none-eabi/lib/thumb/v7e-m+fp/hard\libc_nano.a(libc_a-strstr.o)
                              ./Core/Src/File_Handling.o (strstr)
C:/ST/STM32CubeIDE_1.17.0/STM32CubeIDE/plugins/com.st.stm32cube.ide.mcu.externaltools.gnu-tools-for-stm32.12.3.rel1.win32_1.1.0.202410251130/tools/bin/../lib/gcc/arm-none-eabi/12.3.1/../../../../arm-none-eabi/lib/thumb/v7e-m+fp/hard\libc_nano.a(libc_a-closer.o)
                              C:/ST/STM32CubeIDE_1.17.0/STM32CubeIDE/plugins/com.st.stm32cube.ide.mcu.externaltools.gnu-tools-for-stm32.12.3.rel1.win32_1.1.0.202410251130/tools/bin/../lib/gcc/arm-none-eabi/12.3.1/../../../../arm-none-eabi/lib/thumb/v7e-m+fp/hard\libc_nano.a(libc_a-stdio.o) (_close_r)
C:/ST/STM32CubeIDE_1.17.0/STM32CubeIDE/plugins/com.st.stm32cube.ide.mcu.externaltools.gnu-tools-for-stm32.12.3.rel1.win32_1.1.0.202410251130/tools/bin/../lib/gcc/arm-none-eabi/12.3.1/../../../../arm-none-eabi/lib/thumb/v7e-m+fp/hard\libc_nano.a(libc_a-reent.o)
                              C:/ST/STM32CubeIDE_1.17.0/STM32CubeIDE/plugins/com.st.stm32cube.ide.mcu.externaltools.gnu-tools-for-stm32.12.3.rel1.win32_1.1.0.202410251130/tools/bin/../lib/gcc/arm-none-eabi/12.3.1/../../../../arm-none-eabi/lib/thumb/v7e-m+fp/hard\libc_nano.a(libc_a-closer.o) (errno)
[...]
Memory Configuration

Name             Origin             Length             Attributes
CCMRAM           0x10000000         0x00010000         xrw
RAM              0x20000000         0x00020000         xrw
FLASH            0x08000000         0x00100000         xr
*default*        0x00000000         0xffffffff

Linker script and memory map

LOAD C:/ST/STM32CubeIDE_1.17.0/STM32CubeIDE/plugins/com.st.stm32cube.ide.mcu.externaltools.gnu-tools-for-stm32.12.3.rel1.win32_1.1.0.202410251130/tools/bin/../lib/gcc/arm-none-eabi/12.3.1/thumb/v7e-m+fp/hard/crti.o
LOAD C:/ST/STM32CubeIDE_1.17.0/STM32CubeIDE/plugins/com.st.stm32cube.ide.mcu.externaltools.gnu-tools-for-stm32.12.3.rel1.win32_1.1.0.202410251130/tools/bin/../lib/gcc/arm-none-eabi/12.3.1/thumb/v7e-m+fp/hard/crtbegin.o
LOAD C:/ST/STM32CubeIDE_1.17.0/STM32CubeIDE/plugins/com.st.stm32cube.ide.mcu.externaltools.gnu-tools-for-stm32.12.3.rel1.win32_1.1.0.202410251130/tools/bin/../lib/gcc/arm-none-eabi/12.3.1/../../../../arm-none-eabi/lib/thumb/v7e-m+fp/hard/crt0.o
LOAD ./Core/Src/AUDIO.o
LOAD ./Core/Src/AUDIO_LINK.o
LOAD ./Core/Src/File_Handling.o
LOAD ./Core/Src/cs43l22.o
LOAD ./Core/Src/main.o
LOAD ./Core/Src/myprintf.o
LOAD ./Core/Src/stm32f4xx_hal_msp.o
LOAD ./Core/Src/stm32f4xx_hal_timebase_tim.o
LOAD ./Core/Src/stm32f4xx_it.o
LOAD ./Core/Src/syscalls.o
LOAD ./Core/Src/sysmem.o
LOAD ./Core/Src/system_stm32f4xx.o
LOAD ./Core/Src/waveplayer.o
LOAD ./Core/Startup/startup_stm32f407vgtx.o
LOAD ./Drivers/STM32F4xx_HAL_Driver/Src/stm32f4xx_hal.o
LOAD ./Drivers/STM32F4xx_HAL_Driver/Src/stm32f4xx_hal_cortex.o
LOAD ./Drivers/STM32F4xx_HAL_Driver/Src/stm32f4xx_hal_dma.o
LOAD ./Drivers/STM32F4xx_HAL_Driver/Src/stm32f4xx_hal_dma_ex.o
LOAD ./Drivers/STM32F4xx_HAL_Driver/Src/stm32f4xx_hal_exti.o
LOAD ./Drivers/STM32F4xx_HAL_Driver/Src/stm32f4xx_hal_flash.o
LOAD ./Drivers/STM32F4xx_HAL_Driver/Src/stm32f4xx_hal_flash_ex.o
LOAD ./Drivers/STM32F4xx_HAL_Driver/Src/stm32f4xx_hal_flash_ramfunc.o
LOAD ./Drivers/STM32F4xx_HAL_Driver/Src/stm32f4xx_hal_gpio.o
LOAD ./Drivers/STM32F4xx_HAL_Driver/Src/stm32f4xx_hal_i2c.o
LOAD ./Drivers/STM32F4xx_HAL_Driver/Src/stm32f4xx_hal_i2c_ex.o
LOAD ./Drivers/STM32F4xx_HAL_Driver/Src/stm32f4xx_hal_i2s.o
LOAD ./Drivers/STM32F4xx_HAL_Driver/Src/stm32f4xx_hal_i2s_ex.o
LOAD ./Drivers/STM32F4xx_HAL_Driver/Src/stm32f4xx_hal_pwr.o
LOAD ./Drivers/STM32F4xx_HAL_Driver/Src/stm32f4xx_hal_pwr_ex.o
LOAD ./Drivers/STM32F4xx_HAL_Driver/Src/stm32f4xx_hal_rcc.o
LOAD ./Drivers/STM32F4xx_HAL_Driver/Src/stm32f4xx_hal_rcc_ex.o
LOAD ./Drivers/STM32F4xx_HAL_Driver/Src/stm32f4xx_hal_spi.o
LOAD ./Drivers/STM32F4xx_HAL_Driver/Src/stm32f4xx_hal_tim.o
LOAD ./Drivers/STM32F4xx_HAL_Driver/Src/stm32f4xx_hal_tim_ex.o
LOAD ./Drivers/STM32F4xx_HAL_Driver/Src/stm32f4xx_hal_uart.o
LOAD ./FATFS/App/fatfs.o
LOAD ./FATFS/Target/user_diskio.o
LOAD ./FATFS/Target/user_diskio_spi.o
LOAD ./FreeRTOS/croutine.o
LOAD ./FreeRTOS/event_groups.o
LOAD ./FreeRTOS/list.o
LOAD ./FreeRTOS/queue.o
LOAD ./FreeRTOS/stream_buffer.o
LOAD ./FreeRTOS/tasks.o
LOAD ./FreeRTOS/timers.o
LOAD ./FreeRTOS/portable/ARM_CM4F/port.o
LOAD ./FreeRTOS/portable/MemMang/heap_4.o
LOAD ./Middlewares/Third_Party/FatFs/src/diskio.o
LOAD ./Middlewares/Third_Party/FatFs/src/ff.o
LOAD ./Middlewares/Third_Party/FatFs/src/ff_gen_drv.o
LOAD ./Middlewares/Third_Party/FatFs/src/option/syscall.o
START GROUP
LOAD C:/ST/STM32CubeIDE_1.17.0/STM32CubeIDE/plugins/com.st.stm32cube.ide.mcu.externaltools.gnu-tools-for-stm32.12.3.rel1.win32_1.1.0.202410251130/tools/bin/../lib/gcc/arm-none-eabi/12.3.1/../../../../arm-none-eabi/lib/thumb/v7e-m+fp/hard\libc_nano.a
LOAD C:/ST/STM32CubeIDE_1.17.0/STM32CubeIDE/plugins/com.st.stm32cube.ide.mcu.externaltools.gnu-tools-for-stm32.12.3.rel1.win32_1.1.0.202410251130/tools/bin/../lib/gcc/arm-none-eabi/12.3.1/../../../../arm-none-eabi/lib/thumb/v7e-m+fp/hard\libm.a
END GROUP
START GROUP
LOAD C:/ST/STM32CubeIDE_1.17.0/STM32CubeIDE/plugins/com.st.stm32cube.ide.mcu.externaltools.gnu-tools-for-stm32.12.3.rel1.win32_1.1.0.202410251130/tools/bin/../lib/gcc/arm-none-eabi/12.3.1/thumb/v7e-m+fp/hard\libgcc.a
LOAD C:/ST/STM32CubeIDE_1.17.0/STM32CubeIDE/plugins/com.st.stm32cube.ide.mcu.externaltools.gnu-tools-for-stm32.12.3.rel1.win32_1.1.0.202410251130/tools/bin/../lib/gcc/arm-none-eabi/12.3.1/../../../../arm-none-eabi/lib/thumb/v7e-m+fp/hard\libc_nano.a
END GROUP
START GROUP
LOAD C:/ST/STM32CubeIDE_1.17.0/STM32CubeIDE/plugins/com.st.stm32cube.ide.mcu.externaltools.gnu-tools-for-stm32.12.3.rel1.win32_1.1.0.202410251130/tools/bin/../lib/gcc/arm-none-eabi/12.3.1/thumb/v7e-m+fp/hard\libgcc.a
LOAD C:/ST/STM32CubeIDE_1.17.0/STM32CubeIDE/plugins/com.st.stm32cube.ide.mcu.externaltools.gnu-tools-for-stm32.12.3.rel1.win32_1.1.0.202410251130/tools/bin/../lib/gcc/arm-none-eabi/12.3.1/../../../../arm-none-eabi/lib/thumb/v7e-m+fp/hard\libc_nano.a
LOAD C:/ST/STM32CubeIDE_1.17.0/STM32CubeIDE/plugins/com.st.stm32cube.ide.mcu.externaltools.gnu-tools-for-stm32.12.3.rel1.win32_1.1.0.202410251130/tools/bin/../lib/gcc/arm-none-eabi/12.3.1/../../../../arm-none-eabi/lib/thumb/v7e-m+fp/hard\libnosys.a
END GROUP
START GROUP
LOAD C:/ST/STM32CubeIDE_1.17.0/STM32CubeIDE/plugins/com.st.stm32cube.ide.mcu.externaltools.gnu-tools-for-stm32.12.3.rel1.win32_1.1.0.202410251130/tools/bin/../lib/gcc/arm-none-eabi/12.3.1/thumb/v7e-m+fp/hard\libgcc.a
LOAD C:/ST/STM32CubeIDE_1.17.0/STM32CubeIDE/plugins/com.st.stm32cube.ide.mcu.externaltools.gnu-tools-for-stm32.12.3.rel1.win32_1.1.0.202410251130/tools/bin/../lib/gcc/arm-none-eabi/12.3.1/../../../../arm-none-eabi/lib/thumb/v7e-m+fp/hard\libc_nano.a
LOAD C:/ST/STM32CubeIDE_1.17.0/STM32CubeIDE/plugins/com.st.stm32cube.ide.mcu.externaltools.gnu-tools-for-stm32.12.3.rel1.win32_1.1.0.202410251130/tools/bin/../lib/gcc/arm-none-eabi/12.3.1/../../../../arm-none-eabi/lib/thumb/v7e-m+fp/hard\libnosys.a
END GROUP
LOAD C:/ST/STM32CubeIDE_1.17.0/STM32CubeIDE/plugins/com.st.stm32cube.ide.mcu.externaltools.gnu-tools-for-stm32.12.3.rel1.win32_1.1.0.202410251130/tools/bin/../lib/gcc/arm-none-eabi/12.3.1/thumb/v7e-m+fp/hard/crtend.o
LOAD C:/ST/STM32CubeIDE_1.17.0/STM32CubeIDE/plugins/com.st.stm32cube.ide.mcu.externaltools.gnu-tools-for-stm32.12.3.rel1.win32_1.1.0.202410251130/tools/bin/../lib/gcc/arm-none-eabi/12.3.1/thumb/v7e-m+fp/hard/crtn.o
                0x20020000                        _estack = (ORIGIN (RAM) + LENGTH (RAM))
                0x00000200                        _Min_Heap_Size = 0x200
                0x00000400                        _Min_Stack_Size = 0x400

.isr_vector     0x08000000      0x188
                0x08000000                        . = ALIGN (0x4)
 *(.isr_vector)
 .isr_vector    0x08000000      0x188 ./Core/Startup/startup_stm32f407vgtx.o
                0x08000000                g_pfnVectors
                0x08000188                        . = ALIGN (0x4)

.text           0x08000190     0xec7c
                0x08000190                        . = ALIGN (0x4)
 *(.text)
 .text          0x08000190       0x40 C:/ST/STM32CubeIDE_1.17.0/STM32CubeIDE/plugins/com.st.stm32cube.ide.mcu.externaltools.gnu-tools-for-stm32.12.3.rel1.win32_1.1.0.202410251130/tools/bin/../lib/gcc/arm-none-eabi/12.3.1/thumb/v7e-m+fp/hard/crtbegin.o
 .text          0x080001d0       0x10 C:/ST/STM32CubeIDE_1.17.0/STM32CubeIDE/plugins/com.st.stm32cube.ide.mcu.externaltools.gnu-tools-for-stm32.12.3.rel1.win32_1.1.0.202410251130/tools/bin/../lib/gcc/arm-none-eabi/12.3.1/../../../../arm-none-eabi/lib/thumb/v7e-m+fp/hard\libc_nano.a(libc_a-strlen.o)
                0x080001d0                strlen
 .text          0x080001e0       0xa0 C:/ST/STM32CubeIDE_1.17.0/STM32CubeIDE/plugins/com.st.stm32cube.ide.mcu.externaltools.gnu-tools-for-stm32.12.3.rel1.win32_1.1.0.202410251130/tools/bin/../lib/gcc/arm-none-eabi/12.3.1/../../../../arm-none-eabi/lib/thumb/v7e-m+fp/hard\libc_nano.a(libc_a-memchr.o)
                0x080001e0                memchr
 .text          0x08000280       0x30 C:/ST/STM32CubeIDE_1.17.0/STM32CubeIDE/plugins/com.st.stm32cube.ide.mcu.externaltools.gnu-tools-for-stm32.12.3.rel1.win32_1.1.0.202410251130/tools/bin/../lib/gcc/arm-none-eabi/12.3.1/thumb/v7e-m+fp/hard\libgcc.a(_aeabi_uldivmod.o)
                0x08000280                __aeabi_uldivmod
 .text          0x080002b0      0x2bc C:/ST/STM32CubeIDE_1.17.0/STM32CubeIDE/plugins/com.st.stm32cube.ide.mcu.externaltools.gnu-tools-for-stm32.12.3.rel1.win32_1.1.0.202410251130/tools/bin/../lib/gcc/arm-none-eabi/12.3.1/thumb/v7e-m+fp/hard\libgcc.a(_udivmoddi4.o)
                0x080002b0                __udivmoddi4
 .text          0x0800056c        0x4 C:/ST/STM32CubeIDE_1.17.0/STM32CubeIDE/plugins/com.st.stm32cube.ide.mcu.externaltools.gnu-tools-for-stm32.12.3.rel1.win32_1.1.0.202410251130/tools/bin/../lib/gcc/arm-none-eabi/12.3.1/thumb/v7e-m+fp/hard\libgcc.a(_dvmd_tls.o)
                0x0800056c                __aeabi_idiv0
                0x0800056c                __aeabi_ldiv0
 *(.text*)
 .text.AUDIO_OUT_Init
                0x08000570       0x9c ./Core/Src/AUDIO.o
                0x08000570                AUDIO_OUT_Init
 .text.AUDIO_OUT_Play
                0x0800060c       0x54 ./Core/Src/AUDIO.o
                0x0800060c                AUDIO_OUT_Play
 .text.AUDIO_OUT_Pause
                0x08000660       0x2c ./Core/Src/AUDIO.o
                0x08000660                AUDIO_OUT_Pause
 .text.AUDIO_OUT_Resume
                0x0800068c       0x2c ./Core/Src/AUDIO.o
                0x0800068c                AUDIO_OUT_Resume
 .text.AUDIO_OUT_Stop
                0x080006b8       0x50 ./Core/Src/AUDIO.o
                0x080006b8                AUDIO_OUT_Stop
 .text.AUDIO_OUT_SetVolume
                0x08000708       0x30 ./Core/Src/AUDIO.o
                0x08000708                AUDIO_OUT_SetVolume
 .text.HAL_I2S_TxCpltCallback
                0x08000738       0x24 ./Core/Src/AUDIO.o
                0x08000738                HAL_I2S_TxCpltCallback
 .text.HAL_I2S_TxHalfCpltCallback
                0x0800075c       0x24 ./Core/Src/AUDIO.o
                0x0800075c                HAL_I2S_TxHalfCpltCallback
 .text.AUDIO_OUT_ClockConfig
                0x08000780       0xb4 ./Core/Src/AUDIO.o
                0x08000780                AUDIO_OUT_ClockConfig
 .text.AUDIO_OUT_MspInit
                0x08000834      0x180 ./Core/Src/AUDIO.o
                0x08000834                AUDIO_OUT_MspInit
 .text.AUDIO_OUT_Error_CallBack
                0x080009b4        0xe ./Core/Src/AUDIO.o
                0x080009b4                AUDIO_OUT_Error_CallBack
 *fill*         0x080009c2        0x2 
 .text.I2S3_Init
                0x080009c4       0x70 ./Core/Src/AUDIO.o
 .text.HAL_I2S_ErrorCallback
                0x08000a34       0x24 ./Core/Src/AUDIO.o
                0x08000a34                HAL_I2S_ErrorCallback
 .text.I2Cx_Init
                0x08000a58       0x64 ./Core/Src/AUDIO_LINK.o
 .text.I2Cx_WriteData
                0x08000abc       0x50 ./Core/Src/AUDIO_LINK.o
 .text.I2Cx_ReadData
                0x08000b0c       0x58 ./Core/Src/AUDIO_LINK.o
 .text.I2Cx_Error
                0x08000b64       0x18 ./Core/Src/AUDIO_LINK.o
 .text.I2Cx_MspInit
                0x08000b7c       0xac ./Core/Src/AUDIO_LINK.o
 .text.AUDIO_IO_Init
                0x08000c28       0x70 ./Core/Src/AUDIO_LINK.o
                0x08000c28                AUDIO_IO_Init
 .text.AUDIO_IO_DeInit
                0x08000c98        0xe ./Core/Src/AUDIO_LINK.o
                0x08000c98                AUDIO_IO_DeInit
 .text.AUDIO_IO_Write
                0x08000ca6       0x28 ./Core/Src/AUDIO_LINK.o
                0x08000ca6                AUDIO_IO_Write
 .text.AUDIO_IO_Read
                0x08000cce       0x28 ./Core/Src/AUDIO_LINK.o
                0x08000cce                AUDIO_IO_Read
 *fill*         0x08000cf6        0x2 
 .text.AUDIO_StorageParse
                0x08000cf8      0x15c ./Core/Src/File_Handling.o
                0x08000cf8                AUDIO_StorageParse
 .text.AUDIO_GetWavObjectNumber
                0x08000e54       0x20 ./Core/Src/File_Handling.o
                0x08000e54                AUDIO_GetWavObjectNumber
 .text.Mount_SD
                0x08000e74       0x4c ./Core/Src/File_Handling.o
                0x08000e74                Mount_SD
 .text.cs43l22_Init
                0x08000ec0      0x1c8 ./Core/Src/cs43l22.o
                0x08000ec0                cs43l22_Init
 .text.cs43l22_DeInit
                0x08001088        0xc ./Core/Src/cs43l22.o
                0x08001088                cs43l22_DeInit
 .text.cs43l22_ReadID
                0x08001094       0x30 ./Core/Src/cs43l22.o
                0x08001094                cs43l22_ReadID
 .text.cs43l22_Play
                0x080010c4       0x74 ./Core/Src/cs43l22.o
                0x080010c4                cs43l22_Play
 .text.cs43l22_Pause
                0x08001138       0x42 ./Core/Src/cs43l22.o
                0x08001138                cs43l22_Pause
 *fill*         0x0800117a        0x2 
 .text.cs43l22_Resume
                0x0800117c       0x78 ./Core/Src/cs43l22.o
                0x0800117c                cs43l22_Resume
 .text.cs43l22_Stop
                0x080011f4       0x68 ./Core/Src/cs43l22.o
                0x080011f4                cs43l22_Stop
 .text.cs43l22_SetVolume
                0x0800125c       0xbc ./Core/Src/cs43l22.o
                0x0800125c                cs43l22_SetVolume
 .text.cs43l22_SetFrequency
                0x08001318       0x1a ./Core/Src/cs43l22.o
                0x08001318                cs43l22_SetFrequency
 *fill*         0x08001332        0x2 
 .text.cs43l22_SetMute
                0x08001334       0xbc ./Core/Src/cs43l22.o
                0x08001334                cs43l22_SetMute
 .text.cs43l22_SetOutputMode
                0x080013f0       0xe4 ./Core/Src/cs43l22.o
                0x080013f0                cs43l22_SetOutputMode
 .text.cs43l22_Reset
                0x080014d4       0x18 ./Core/Src/cs43l22.o
                0x080014d4                cs43l22_Reset
 .text.CODEC_IO_Write
                0x080014ec       0x2e ./Core/Src/cs43l22.o
 *fill*         0x0800151a        0x2 
 .text.LogOperation
                0x0800151c       0x50 ./Core/Src/main.o
                0x0800151c                LogOperation
 .text.PrintLogFile
                0x0800156c       0xe8 ./Core/Src/main.o
                0x0800156c                PrintLogFile
 .text.LogTask  0x08001654      0x17c ./Core/Src/main.o
                0x08001654                LogTask
 .text.isButtonPressed
                0x080017d0       0x20 ./Core/Src/main.o
                0x080017d0                isButtonPressed
 .text.getButtonEvent
                0x080017f0      0x124 ./Core/Src/main.o
                0x080017f0                getButtonEvent
 .text.ButtonTask
                0x08001914      0x184 ./Core/Src/main.o
                0x08001914                ButtonTask
 .text.AudioPlayerTask
                0x08001a98       0x7c ./Core/Src/main.o
                0x08001a98                AudioPlayerTask
 .text.HAL_GPIO_EXTI_Callback
                0x08001b14       0x4c ./Core/Src/main.o
                0x08001b14                HAL_GPIO_EXTI_Callback
 .text.main     0x08001b60       0xdc ./Core/Src/main.o
                0x08001b60                main
 .text.SystemClock_Config
                0x08001c3c       0xd4 ./Core/Src/main.o
                0x08001c3c                SystemClock_Config
 .text.MX_I2C1_Init
                0x08001d10       0x5c ./Core/Src/main.o
 .text.MX_I2S3_Init
                0x08001d6c       0x5c ./Core/Src/main.o
 .text.MX_SPI2_Init
                0x08001dc8       0x6c ./Core/Src/main.o
 .text.MX_USART2_UART_Init
                0x08001e34       0x54 ./Core/Src/main.o
 .text.MX_DMA_Init
                0x08001e88       0x40 ./Core/Src/main.o
 .text.MX_GPIO_Init
                0x08001ec8       0xec ./Core/Src/main.o
 .text.HAL_TIM_PeriodElapsedCallback
                0x08001fb4       0x1e ./Core/Src/main.o
                0x08001fb4                HAL_TIM_PeriodElapsedCallback
 .text.Error_Handler
                0x08001fd2        0xc ./Core/Src/main.o
                0x08001fd2                Error_Handler
 *fill*         0x08001fde        0x2 
 .text.myprintf
                0x08001fe0       0x4c ./Core/Src/myprintf.o
                0x08001fe0                myprintf
 .text.HAL_MspInit
                0x0800202c       0x50 ./Core/Src/stm32f4xx_hal_msp.o
                0x0800202c                HAL_MspInit
 .text.HAL_I2C_MspInit
                0x0800207c       0x90 ./Core/Src/stm32f4xx_hal_msp.o
                0x0800207c                HAL_I2C_MspInit
 .text.HAL_I2C_MspDeInit
                0x0800210c       0x44 ./Core/Src/stm32f4xx_hal_msp.o
                0x0800210c                HAL_I2C_MspDeInit
 .text.HAL_I2S_MspInit
                0x08002150      0x17c ./Core/Src/stm32f4xx_hal_msp.o
                0x08002150                HAL_I2S_MspInit
 .text.HAL_SPI_MspInit
                0x080022cc       0x90 ./Core/Src/stm32f4xx_hal_msp.o
                0x080022cc                HAL_SPI_MspInit
 .text.HAL_UART_MspInit
                0x0800235c       0x90 ./Core/Src/stm32f4xx_hal_msp.o
                0x0800235c                HAL_UART_MspInit
 .text.HAL_InitTick
                0x080023ec       0xf8 ./Core/Src/stm32f4xx_hal_timebase_tim.o
                0x080023ec                HAL_InitTick
 .text.NMI_Handler
                0x080024e4        0x8 ./Core/Src/stm32f4xx_it.o
                0x080024e4                NMI_Handler
 .text.HardFault_Handler
                0x080024ec        0x8 ./Core/Src/stm32f4xx_it.o
                0x080024ec                HardFault_Handler
 .text.MemManage_Handler
                0x080024f4        0x8 ./Core/Src/stm32f4xx_it.o
                0x080024f4                MemManage_Handler
 .text.BusFault_Handler
                0x080024fc        0x8 ./Core/Src/stm32f4xx_it.o
                0x080024fc                BusFault_Handler
 .text.UsageFault_Handler
                0x08002504        0x8 ./Core/Src/stm32f4xx_it.o
                0x08002504                UsageFault_Handler
 .text.DebugMon_Handler
                0x0800250c        0xe ./Core/Src/stm32f4xx_it.o
                0x0800250c                DebugMon_Handler
 .text.EXTI0_IRQHandler
                0x0800251a        0xe ./Core/Src/stm32f4xx_it.o
                0x0800251a                EXTI0_IRQHandler
 .text.DMA1_Stream5_IRQHandler
                0x08002528       0x14 ./Core/Src/stm32f4xx_it.o
                0x08002528                DMA1_Stream5_IRQHandler
 .text.TIM2_IRQHandler
                0x0800253c       0x14 ./Core/Src/stm32f4xx_it.o
                0x0800253c                TIM2_IRQHandler
 .text._sbrk    0x08002550       0x6c ./Core/Src/sysmem.o
                0x08002550                _sbrk
 .text.SystemInit
                0x080025bc       0x24 ./Core/Src/system_stm32f4xx.o
                0x080025bc                SystemInit
 .text.PlayerInit
                0x080025e0       0x30 ./Core/Src/waveplayer.o
                0x080025e0                PlayerInit
 .text.AUDIO_PLAYER_Start
                0x08002610       0xc0 ./Core/Src/waveplayer.o
                0x08002610                AUDIO_PLAYER_Start
 .text.AUDIO_PLAYER_Process
                0x080026d0      0x234 ./Core/Src/waveplayer.o
                0x080026d0                AUDIO_PLAYER_Process
 .text.AUDIO_OUT_TransferComplete_CallBack
                0x08002904       0x28 ./Core/Src/waveplayer.o
                0x08002904                AUDIO_OUT_TransferComplete_CallBack
 .text.AUDIO_OUT_HalfTransfer_CallBack
                0x0800292c       0x28 ./Core/Src/waveplayer.o
                0x0800292c                AUDIO_OUT_HalfTransfer_CallBack
 .text.Reset_Handler
                0x08002954       0x50 ./Core/Startup/startup_stm32f407vgtx.o
                0x08002954                Reset_Handler
 .text.Default_Handler
                0x080029a4        0x2 ./Core/Startup/startup_stm32f407vgtx.o
                0x080029a4                RTC_Alarm_IRQHandler
                0x080029a4                HASH_RNG_IRQHandler
                0x080029a4                EXTI2_IRQHandler
                0x080029a4                TIM8_CC_IRQHandler
                0x080029a4                TIM1_CC_IRQHandler
                0x080029a4                DMA2_Stream5_IRQHandler
                0x080029a4                PVD_IRQHandler
                0x080029a4                SDIO_IRQHandler
                0x080029a4                TAMP_STAMP_IRQHandler
                0x080029a4                CAN2_RX1_IRQHandler
                0x080029a4                EXTI3_IRQHandler
                0x080029a4                TIM8_TRG_COM_TIM14_IRQHandler
                0x080029a4                TIM1_UP_TIM10_IRQHandler
                0x080029a4                TIM8_UP_TIM13_IRQHandler
                0x080029a4                I2C3_ER_IRQHandler
                0x080029a4                I2C2_EV_IRQHandler
                0x080029a4                DMA1_Stream2_IRQHandler
                0x080029a4                CAN1_RX0_IRQHandler
                0x080029a4                FPU_IRQHandler
                0x080029a4                OTG_HS_WKUP_IRQHandler
                0x080029a4                CAN2_SCE_IRQHandler
                0x080029a4                DMA2_Stream2_IRQHandler
                0x080029a4                SPI1_IRQHandler
                0x080029a4                TIM6_DAC_IRQHandler
                0x080029a4                TIM1_BRK_TIM9_IRQHandler
                0x080029a4                DCMI_IRQHandler
                0x080029a4                CAN2_RX0_IRQHandler
                0x080029a4                DMA2_Stream3_IRQHandler
                0x080029a4                USART6_IRQHandler
                0x080029a4                USART3_IRQHandler
                0x080029a4                CAN1_RX1_IRQHandler
                0x080029a4                UART5_IRQHandler
                0x080029a4                DMA2_Stream0_IRQHandler
                0x080029a4                TIM4_IRQHandler
                0x080029a4                I2C1_EV_IRQHandler
                0x080029a4                DMA1_Stream6_IRQHandler
                0x080029a4                DMA1_Stream1_IRQHandler
                0x080029a4                UART4_IRQHandler
                0x080029a4                TIM3_IRQHandler
                0x080029a4                RCC_IRQHandler
                0x080029a4                TIM8_BRK_TIM12_IRQHandler
                0x080029a4                Default_Handler
                0x080029a4                EXTI15_10_IRQHandler
                0x080029a4                ADC_IRQHandler
                0x080029a4                DMA1_Stream7_IRQHandler
                0x080029a4                TIM7_IRQHandler
                0x080029a4                CAN2_TX_IRQHandler
                0x080029a4                TIM5_IRQHandler
                0x080029a4                DMA2_Stream7_IRQHandler
                0x080029a4                I2C3_EV_IRQHandler
                0x080029a4                EXTI9_5_IRQHandler
                0x080029a4                RTC_WKUP_IRQHandler
                0x080029a4                ETH_WKUP_IRQHandler
                0x080029a4                SPI2_IRQHandler
                0x080029a4                OTG_HS_EP1_IN_IRQHandler
                0x080029a4                DMA1_Stream0_IRQHandler
                0x080029a4                CAN1_TX_IRQHandler
                0x080029a4                EXTI4_IRQHandler
                0x080029a4                FSMC_IRQHandler
                0x080029a4                ETH_IRQHandler
                0x080029a4                OTG_HS_EP1_OUT_IRQHandler
                0x080029a4                WWDG_IRQHandler
                0x080029a4                OTG_FS_WKUP_IRQHandler
                0x080029a4                TIM1_TRG_COM_TIM11_IRQHandler
                0x080029a4                OTG_HS_IRQHandler
                0x080029a4                EXTI1_IRQHandler
                0x080029a4                USART2_IRQHandler
                0x080029a4                I2C2_ER_IRQHandler
                0x080029a4                DMA2_Stream1_IRQHandler
                0x080029a4                CAN1_SCE_IRQHandler
                0x080029a4                FLASH_IRQHandler
                0x080029a4                DMA2_Stream4_IRQHandler
                0x080029a4                USART1_IRQHandler
                0x080029a4                OTG_FS_IRQHandler
                0x080029a4                SPI3_IRQHandler
                0x080029a4                DMA1_Stream4_IRQHandler
                0x080029a4                I2C1_ER_IRQHandler
                0x080029a4                DMA2_Stream6_IRQHandler
                0x080029a4                DMA1_Stream3_IRQHandler
 *fill*         0x080029a6        0x2 
 .text.HAL_Init
                0x080029a8       0x44 ./Drivers/STM32F4xx_HAL_Driver/Src/stm32f4xx_hal.o
                0x080029a8                HAL_Init
 .text.HAL_IncTick
                0x080029ec       0x28 ./Drivers/STM32F4xx_HAL_Driver/Src/stm32f4xx_hal.o
                0x080029ec                HAL_IncTick
 .text.HAL_GetTick
                0x08002a14       0x18 ./Drivers/STM32F4xx_HAL_Driver/Src/stm32f4xx_hal.o
                0x08002a14                HAL_GetTick
 .text.HAL_Delay
                0x08002a2c       0x48 ./Drivers/STM32F4xx_HAL_Driver/Src/stm32f4xx_hal.o
                0x08002a2c                HAL_Delay
 .text.__NVIC_SetPriorityGrouping
                0x08002a74       0x48 ./Drivers/STM32F4xx_HAL_Driver/Src/stm32f4xx_hal_cortex.o
 .text.__NVIC_GetPriorityGrouping
                0x08002abc       0x1c ./Drivers/STM32F4xx_HAL_Driver/Src/stm32f4xx_hal_cortex.o
 .text.__NVIC_EnableIRQ
                0x08002ad8       0x3c ./Drivers/STM32F4xx_HAL_Driver/Src/stm32f4xx_hal_cortex.o
 .text.__NVIC_SetPriority
                0x08002b14       0x54 ./Drivers/STM32F4xx_HAL_Driver/Src/stm32f4xx_hal_cortex.o
 .text.NVIC_EncodePriority
                0x08002b68       0x66 ./Drivers/STM32F4xx_HAL_Driver/Src/stm32f4xx_hal_cortex.o
 .text.HAL_NVIC_SetPriorityGrouping
                0x08002bce       0x16 ./Drivers/STM32F4xx_HAL_Driver/Src/stm32f4xx_hal_cortex.o
                0x08002bce                HAL_NVIC_SetPriorityGrouping
 .text.HAL_NVIC_SetPriority
                0x08002be4       0x38 ./Drivers/STM32F4xx_HAL_Driver/Src/stm32f4xx_hal_cortex.o
                0x08002be4                HAL_NVIC_SetPriority
 .text.HAL_NVIC_EnableIRQ
                0x08002c1c       0x1c ./Drivers/STM32F4xx_HAL_Driver/Src/stm32f4xx_hal_cortex.o
                0x08002c1c                HAL_NVIC_EnableIRQ
 .text.HAL_DMA_Init
                0x08002c38      0x15c ./Drivers/STM32F4xx_HAL_Driver/Src/stm32f4xx_hal_dma.o
                0x08002c38                HAL_DMA_Init
 .text.HAL_DMA_DeInit
                0x08002d94       0xbc ./Drivers/STM32F4xx_HAL_Driver/Src/stm32f4xx_hal_dma.o
                0x08002d94                HAL_DMA_DeInit
 .text.HAL_DMA_Start_IT
                0x08002e50       0xb0 ./Drivers/STM32F4xx_HAL_Driver/Src/stm32f4xx_hal_dma.o
                0x08002e50                HAL_DMA_Start_IT
 .text.HAL_DMA_Abort
                0x08002f00       0xe0 ./Drivers/STM32F4xx_HAL_Driver/Src/stm32f4xx_hal_dma.o
                0x08002f00                HAL_DMA_Abort
 .text.HAL_DMA_IRQHandler
                0x08002fe0      0x314 ./Drivers/STM32F4xx_HAL_Driver/Src/stm32f4xx_hal_dma.o
                0x08002fe0                HAL_DMA_IRQHandler
 .text.DMA_SetConfig
                0x080032f4       0x5c ./Drivers/STM32F4xx_HAL_Driver/Src/stm32f4xx_hal_dma.o
 .text.DMA_CalcBaseAndBitshift
                0x08003350       0x6c ./Drivers/STM32F4xx_HAL_Driver/Src/stm32f4xx_hal_dma.o
 .text.DMA_CheckFifoParam
                0x080033bc       0xf8 ./Drivers/STM32F4xx_HAL_Driver/Src/stm32f4xx_hal_dma.o
 .text.HAL_GPIO_Init
                0x080034b4      0x338 ./Drivers/STM32F4xx_HAL_Driver/Src/stm32f4xx_hal_gpio.o
                0x080034b4                HAL_GPIO_Init
 .text.HAL_GPIO_DeInit
                0x080037ec      0x1f8 ./Drivers/STM32F4xx_HAL_Driver/Src/stm32f4xx_hal_gpio.o
                0x080037ec                HAL_GPIO_DeInit
 .text.HAL_GPIO_ReadPin
                0x080039e4       0x30 ./Drivers/STM32F4xx_HAL_Driver/Src/stm32f4xx_hal_gpio.o
                0x080039e4                HAL_GPIO_ReadPin
 .text.HAL_GPIO_WritePin
                0x08003a14       0x32 ./Drivers/STM32F4xx_HAL_Driver/Src/stm32f4xx_hal_gpio.o
                0x08003a14                HAL_GPIO_WritePin
 *fill*         0x08003a46        0x2 
 .text.HAL_GPIO_EXTI_IRQHandler
                0x08003a48       0x30 ./Drivers/STM32F4xx_HAL_Driver/Src/stm32f4xx_hal_gpio.o
                0x08003a48                HAL_GPIO_EXTI_IRQHandler
 .text.HAL_I2C_Init
                0x08003a78      0x288 ./Drivers/STM32F4xx_HAL_Driver/Src/stm32f4xx_hal_i2c.o
                0x08003a78                HAL_I2C_Init
 .text.HAL_I2C_DeInit
                0x08003d00       0x5e ./Drivers/STM32F4xx_HAL_Driver/Src/stm32f4xx_hal_i2c.o
                0x08003d00                HAL_I2C_DeInit
 *fill*         0x08003d5e        0x2 
 .text.HAL_I2C_Mem_Write
                0x08003d60      0x1f4 ./Drivers/STM32F4xx_HAL_Driver/Src/stm32f4xx_hal_i2c.o
                0x08003d60                HAL_I2C_Mem_Write
 .text.HAL_I2C_Mem_Read
                0x08003f54      0x464 ./Drivers/STM32F4xx_HAL_Driver/Src/stm32f4xx_hal_i2c.o
                0x08003f54                HAL_I2C_Mem_Read
 .text.HAL_I2C_GetState
                0x080043b8       0x1c ./Drivers/STM32F4xx_HAL_Driver/Src/stm32f4xx_hal_i2c.o
                0x080043b8                HAL_I2C_GetState
 .text.I2C_RequestMemoryWrite
                0x080043d4      0x12c ./Drivers/STM32F4xx_HAL_Driver/Src/stm32f4xx_hal_i2c.o
 .text.I2C_RequestMemoryRead
                0x08004500      0x1d0 ./Drivers/STM32F4xx_HAL_Driver/Src/stm32f4xx_hal_i2c.o
 .text.I2C_WaitOnFlagUntilTimeout
                0x080046d0       0xf4 ./Drivers/STM32F4xx_HAL_Driver/Src/stm32f4xx_hal_i2c.o
 .text.I2C_WaitOnMasterAddressFlagUntilTimeout
                0x080047c4      0x140 ./Drivers/STM32F4xx_HAL_Driver/Src/stm32f4xx_hal_i2c.o
 .text.I2C_WaitOnTXEFlagUntilTimeout
                0x08004904       0x90 ./Drivers/STM32F4xx_HAL_Driver/Src/stm32f4xx_hal_i2c.o
 .text.I2C_WaitOnBTFFlagUntilTimeout
                0x08004994       0x90 ./Drivers/STM32F4xx_HAL_Driver/Src/stm32f4xx_hal_i2c.o
 .text.I2C_WaitOnRXNEFlagUntilTimeout
                0x08004a24       0xba ./Drivers/STM32F4xx_HAL_Driver/Src/stm32f4xx_hal_i2c.o
 .text.I2C_IsAcknowledgeFailed
                0x08004ade       0x5e ./Drivers/STM32F4xx_HAL_Driver/Src/stm32f4xx_hal_i2c.o
 .text.HAL_I2S_Init
                0x08004b3c      0x280 ./Drivers/STM32F4xx_HAL_Driver/Src/stm32f4xx_hal_i2s.o
                0x08004b3c                HAL_I2S_Init
 .text.HAL_I2S_Transmit_DMA
                0x08004dbc      0x148 ./Drivers/STM32F4xx_HAL_Driver/Src/stm32f4xx_hal_i2s.o
                0x08004dbc                HAL_I2S_Transmit_DMA
 .text.HAL_I2S_DMAPause
                0x08004f04       0xc4 ./Drivers/STM32F4xx_HAL_Driver/Src/stm32f4xx_hal_i2s.o
                0x08004f04                HAL_I2S_DMAPause
 .text.HAL_I2S_DMAResume
                0x08004fc8      0x128 ./Drivers/STM32F4xx_HAL_Driver/Src/stm32f4xx_hal_i2s.o
                0x08004fc8                HAL_I2S_DMAResume
 .text.HAL_I2S_DMAStop
                0x080050f0      0x3b4 ./Drivers/STM32F4xx_HAL_Driver/Src/stm32f4xx_hal_i2s.o
                0x080050f0                HAL_I2S_DMAStop
 .text.HAL_I2S_RxCpltCallback
                0x080054a4       0x14 ./Drivers/STM32F4xx_HAL_Driver/Src/stm32f4xx_hal_i2s.o
                0x080054a4                HAL_I2S_RxCpltCallback
 .text.HAL_I2S_GetState
                0x080054b8       0x1c ./Drivers/STM32F4xx_HAL_Driver/Src/stm32f4xx_hal_i2s.o
                0x080054b8                HAL_I2S_GetState
 .text.I2S_DMATxCplt
                0x080054d4       0x42 ./Drivers/STM32F4xx_HAL_Driver/Src/stm32f4xx_hal_i2s.o
 .text.I2S_DMATxHalfCplt
                0x08005516       0x1c ./Drivers/STM32F4xx_HAL_Driver/Src/stm32f4xx_hal_i2s.o
 .text.I2S_DMAError
                0x08005532       0x4c ./Drivers/STM32F4xx_HAL_Driver/Src/stm32f4xx_hal_i2s.o
 .text.I2S_Transmit_IT
                0x0800557e       0x5c ./Drivers/STM32F4xx_HAL_Driver/Src/stm32f4xx_hal_i2s.o
 .text.I2S_Receive_IT
                0x080055da       0x5e ./Drivers/STM32F4xx_HAL_Driver/Src/stm32f4xx_hal_i2s.o
 .text.I2S_IRQHandler
                0x08005638      0x114 ./Drivers/STM32F4xx_HAL_Driver/Src/stm32f4xx_hal_i2s.o
 .text.I2S_WaitFlagStateUntilTimeout
                0x0800574c       0x72 ./Drivers/STM32F4xx_HAL_Driver/Src/stm32f4xx_hal_i2s.o
 *fill*         0x080057be        0x2 
 .text.HAL_I2SEx_FullDuplex_IRQHandler
                0x080057c0      0x2a8 ./Drivers/STM32F4xx_HAL_Driver/Src/stm32f4xx_hal_i2s_ex.o
                0x080057c0                HAL_I2SEx_FullDuplex_IRQHandler
 .text.HAL_I2SEx_TxRxCpltCallback
                0x08005a68       0x14 ./Drivers/STM32F4xx_HAL_Driver/Src/stm32f4xx_hal_i2s_ex.o
                0x08005a68                HAL_I2SEx_TxRxCpltCallback
 .text.I2SEx_TxISR_I2S
                0x08005a7c       0x62 ./Drivers/STM32F4xx_HAL_Driver/Src/stm32f4xx_hal_i2s_ex.o
 *fill*         0x08005ade        0x2 
 .text.I2SEx_TxISR_I2SExt
                0x08005ae0       0x98 ./Drivers/STM32F4xx_HAL_Driver/Src/stm32f4xx_hal_i2s_ex.o
 .text.I2SEx_RxISR_I2S
                0x08005b78       0x64 ./Drivers/STM32F4xx_HAL_Driver/Src/stm32f4xx_hal_i2s_ex.o
 .text.I2SEx_RxISR_I2SExt
                0x08005bdc       0x98 ./Drivers/STM32F4xx_HAL_Driver/Src/stm32f4xx_hal_i2s_ex.o
 .text.HAL_RCC_OscConfig
                0x08005c74      0x4f0 ./Drivers/STM32F4xx_HAL_Driver/Src/stm32f4xx_hal_rcc.o
                0x08005c74                HAL_RCC_OscConfig
 .text.HAL_RCC_ClockConfig
                0x08006164      0x1cc ./Drivers/STM32F4xx_HAL_Driver/Src/stm32f4xx_hal_rcc.o
                0x08006164                HAL_RCC_ClockConfig
 .text.HAL_RCC_GetSysClockFreq
                0x08006330      0x20c ./Drivers/STM32F4xx_HAL_Driver/Src/stm32f4xx_hal_rcc.o
                0x08006330                HAL_RCC_GetSysClockFreq
 .text.HAL_RCC_GetHCLKFreq
                0x0800653c       0x18 ./Drivers/STM32F4xx_HAL_Driver/Src/stm32f4xx_hal_rcc.o
                0x0800653c                HAL_RCC_GetHCLKFreq
 .text.HAL_RCC_GetPCLK1Freq
                0x08006554       0x28 ./Drivers/STM32F4xx_HAL_Driver/Src/stm32f4xx_hal_rcc.o
                0x08006554                HAL_RCC_GetPCLK1Freq
 .text.HAL_RCC_GetPCLK2Freq
                0x0800657c       0x28 ./Drivers/STM32F4xx_HAL_Driver/Src/stm32f4xx_hal_rcc.o
                0x0800657c                HAL_RCC_GetPCLK2Freq
 .text.HAL_RCC_GetClockConfig
                0x080065a4       0x64 ./Drivers/STM32F4xx_HAL_Driver/Src/stm32f4xx_hal_rcc.o
                0x080065a4                HAL_RCC_GetClockConfig
 .text.HAL_RCCEx_PeriphCLKConfig
                0x08006608      0x1c4 ./Drivers/STM32F4xx_HAL_Driver/Src/stm32f4xx_hal_rcc_ex.o
                0x08006608                HAL_RCCEx_PeriphCLKConfig
 .text.HAL_RCCEx_GetPeriphCLKConfig
                0x080067cc       0x58 ./Drivers/STM32F4xx_HAL_Driver/Src/stm32f4xx_hal_rcc_ex.o
                0x080067cc                HAL_RCCEx_GetPeriphCLKConfig
 .text.HAL_RCCEx_GetPeriphCLKFreq
                0x08006824       0xc0 ./Drivers/STM32F4xx_HAL_Driver/Src/stm32f4xx_hal_rcc_ex.o
                0x08006824                HAL_RCCEx_GetPeriphCLKFreq
 .text.HAL_SPI_Init
                0x080068e4      0x112 ./Drivers/STM32F4xx_HAL_Driver/Src/stm32f4xx_hal_spi.o
                0x080068e4                HAL_SPI_Init
 .text.HAL_SPI_Transmit
                0x080069f6      0x288 ./Drivers/STM32F4xx_HAL_Driver/Src/stm32f4xx_hal_spi.o
                0x080069f6                HAL_SPI_Transmit
 .text.HAL_SPI_TransmitReceive
                0x08006c7e      0x352 ./Drivers/STM32F4xx_HAL_Driver/Src/stm32f4xx_hal_spi.o
                0x08006c7e                HAL_SPI_TransmitReceive
 .text.SPI_WaitFlagStateUntilTimeout
                0x08006fd0      0x110 ./Drivers/STM32F4xx_HAL_Driver/Src/stm32f4xx_hal_spi.o
 .text.SPI_EndRxTxTransaction
                0x080070e0       0xa8 ./Drivers/STM32F4xx_HAL_Driver/Src/stm32f4xx_hal_spi.o
 .text.HAL_TIM_Base_Init
                0x08007188       0x9e ./Drivers/STM32F4xx_HAL_Driver/Src/stm32f4xx_hal_tim.o
                0x08007188                HAL_TIM_Base_Init
 .text.HAL_TIM_Base_MspInit
                0x08007226       0x14 ./Drivers/STM32F4xx_HAL_Driver/Src/stm32f4xx_hal_tim.o
                0x08007226                HAL_TIM_Base_MspInit
 *fill*         0x0800723a        0x2 
 .text.HAL_TIM_Base_Start_IT
                0x0800723c       0xe0 ./Drivers/STM32F4xx_HAL_Driver/Src/stm32f4xx_hal_tim.o
                0x0800723c                HAL_TIM_Base_Start_IT
 .text.HAL_TIM_IRQHandler
                0x0800731c      0x1e0 ./Drivers/STM32F4xx_HAL_Driver/Src/stm32f4xx_hal_tim.o
                0x0800731c                HAL_TIM_IRQHandler
 .text.HAL_TIM_OC_DelayElapsedCallback
                0x080074fc       0x14 ./Drivers/STM32F4xx_HAL_Driver/Src/stm32f4xx_hal_tim.o
                0x080074fc                HAL_TIM_OC_DelayElapsedCallback
 .text.HAL_TIM_IC_CaptureCallback
                0x08007510       0x14 ./Drivers/STM32F4xx_HAL_Driver/Src/stm32f4xx_hal_tim.o
                0x08007510                HAL_TIM_IC_CaptureCallback
 .text.HAL_TIM_PWM_PulseFinishedCallback
                0x08007524       0x14 ./Drivers/STM32F4xx_HAL_Driver/Src/stm32f4xx_hal_tim.o
                0x08007524                HAL_TIM_PWM_PulseFinishedCallback
 .text.HAL_TIM_TriggerCallback
                0x08007538       0x14 ./Drivers/STM32F4xx_HAL_Driver/Src/stm32f4xx_hal_tim.o
                0x08007538                HAL_TIM_TriggerCallback
 .text.TIM_Base_SetConfig
                0x0800754c      0x158 ./Drivers/STM32F4xx_HAL_Driver/Src/stm32f4xx_hal_tim.o
                0x0800754c                TIM_Base_SetConfig
 .text.HAL_TIMEx_CommutCallback
                0x080076a4       0x14 ./Drivers/STM32F4xx_HAL_Driver/Src/stm32f4xx_hal_tim_ex.o
                0x080076a4                HAL_TIMEx_CommutCallback
 .text.HAL_TIMEx_BreakCallback
                0x080076b8       0x14 ./Drivers/STM32F4xx_HAL_Driver/Src/stm32f4xx_hal_tim_ex.o
                0x080076b8                HAL_TIMEx_BreakCallback
 .text.HAL_UART_Init
                0x080076cc       0xa0 ./Drivers/STM32F4xx_HAL_Driver/Src/stm32f4xx_hal_uart.o
                0x080076cc                HAL_UART_Init
 .text.HAL_UART_Transmit
                0x0800776c      0x116 ./Drivers/STM32F4xx_HAL_Driver/Src/stm32f4xx_hal_uart.o
                0x0800776c                HAL_UART_Transmit
 .text.UART_WaitOnFlagUntilTimeout
                0x08007882       0xb2 ./Drivers/STM32F4xx_HAL_Driver/Src/stm32f4xx_hal_uart.o
 .text.UART_EndRxTransfer
                0x08007934       0xc6 ./Drivers/STM32F4xx_HAL_Driver/Src/stm32f4xx_hal_uart.o
 *fill*         0x080079fa        0x2 
 .text.UART_SetConfig
                0x080079fc      0x4e8 ./Drivers/STM32F4xx_HAL_Driver/Src/stm32f4xx_hal_uart.o
 .text.MX_FATFS_Init
                0x08007ee4       0x24 ./FATFS/App/fatfs.o
                0x08007ee4                MX_FATFS_Init
 .text.get_fattime
                0x08007f08       0x10 ./FATFS/App/fatfs.o
                0x08007f08                get_fattime
 .text.USER_initialize
                0x08007f18       0x1c ./FATFS/Target/user_diskio.o
                0x08007f18                USER_initialize
 .text.USER_status
                0x08007f34       0x1c ./FATFS/Target/user_diskio.o
                0x08007f34                USER_status
 .text.USER_read
                0x08007f50       0x26 ./FATFS/Target/user_diskio.o
                0x08007f50                USER_read
 .text.USER_write
                0x08007f76       0x26 ./FATFS/Target/user_diskio.o
                0x08007f76                USER_write
 .text.USER_ioctl
                0x08007f9c       0x26 ./FATFS/Target/user_diskio.o
                0x08007f9c                USER_ioctl
 *fill*         0x08007fc2        0x2 
 .text.SPI_Timer_On
                0x08007fc4       0x28 ./FATFS/Target/user_diskio_spi.o
                0x08007fc4                SPI_Timer_On
 .text.SPI_Timer_Status
                0x08007fec       0x2c ./FATFS/Target/user_diskio_spi.o
                0x08007fec                SPI_Timer_Status
 .text.xchg_spi
                0x08008018       0x2c ./FATFS/Target/user_diskio_spi.o
 .text.rcvr_spi_multi
                0x08008044       0x38 ./FATFS/Target/user_diskio_spi.o
 .text.xmit_spi_multi
                0x0800807c       0x28 ./FATFS/Target/user_diskio_spi.o
 .text.wait_ready
                0x080080a4       0x46 ./FATFS/Target/user_diskio_spi.o
 *fill*         0x080080ea        0x2 
 .text.despiselect
                0x080080ec       0x1c ./FATFS/Target/user_diskio_spi.o
 .text.spiselect
                0x08008108       0x34 ./FATFS/Target/user_diskio_spi.o
 .text.rcvr_datablock
                0x0800813c       0x52 ./FATFS/Target/user_diskio_spi.o
 .text.xmit_datablock
                0x0800818e       0x64 ./FATFS/Target/user_diskio_spi.o
 .text.send_cmd
                0x080081f2       0xde ./FATFS/Target/user_diskio_spi.o
 .text.USER_SPI_initialize
                0x080082d0      0x1d8 ./FATFS/Target/user_diskio_spi.o
                0x080082d0                USER_SPI_initialize
 .text.USER_SPI_status
                0x080084a8       0x2c ./FATFS/Target/user_diskio_spi.o
                0x080084a8                USER_SPI_status
 .text.USER_SPI_read
                0x080084d4       0xcc ./FATFS/Target/user_diskio_spi.o
                0x080084d4                USER_SPI_read
 .text.USER_SPI_write
                0x080085a0       0xf8 ./FATFS/Target/user_diskio_spi.o
                0x080085a0                USER_SPI_write
 .text.USER_SPI_ioctl
                0x08008698      0x2e0 ./FATFS/Target/user_diskio_spi.o
                0x08008698                USER_SPI_ioctl
 .text.vListInitialise
                0x08008978       0x40 ./FreeRTOS/list.o
                0x08008978                vListInitialise
 .text.vListInitialiseItem
                0x080089b8       0x1a ./FreeRTOS/list.o
                0x080089b8                vListInitialiseItem
 .text.vListInsertEnd
                0x080089d2       0x48 ./FreeRTOS/list.o
                0x080089d2                vListInsertEnd
 .text.vListInsert
                0x08008a1a       0x72 ./FreeRTOS/list.o
                0x08008a1a                vListInsert
 .text.uxListRemove
                0x08008a8c       0x54 ./FreeRTOS/list.o
                0x08008a8c                uxListRemove
 .text.xQueueGenericReset
                0x08008ae0       0xd4 ./FreeRTOS/queue.o
                0x08008ae0                xQueueGenericReset
 .text.xQueueGenericCreate
                0x08008bb4       0x7a ./FreeRTOS/queue.o
                0x08008bb4                xQueueGenericCreate
 .text.prvInitialiseNewQueue
                0x08008c2e       0x46 ./FreeRTOS/queue.o
 .text.prvInitialiseMutex
                0x08008c74       0x34 ./FreeRTOS/queue.o
 .text.xQueueCreateMutex
                0x08008ca8       0x30 ./FreeRTOS/queue.o
                0x08008ca8                xQueueCreateMutex
 .text.xQueueGenericSend
                0x08008cd8      0x204 ./FreeRTOS/queue.o
                0x08008cd8                xQueueGenericSend
 .text.xQueueGenericSendFromISR
                0x08008edc      0x136 ./FreeRTOS/queue.o
                0x08008edc                xQueueGenericSendFromISR
 *fill*         0x08009012        0x2 
 .text.xQueueReceive
                0x08009014      0x1c4 ./FreeRTOS/queue.o
                0x08009014                xQueueReceive
 .text.xQueueSemaphoreTake
                0x080091d8      0x220 ./FreeRTOS/queue.o
                0x080091d8                xQueueSemaphoreTake
 .text.prvGetDisinheritPriorityAfterTimeout
                0x080093f8       0x30 ./FreeRTOS/queue.o
 .text.prvCopyDataToQueue
                0x08009428       0xd4 ./FreeRTOS/queue.o
 .text.prvCopyDataFromQueue
                0x080094fc       0x4c ./FreeRTOS/queue.o
 .text.prvUnlockQueue
                0x08009548       0xa4 ./FreeRTOS/queue.o
 .text.prvIsQueueEmpty
                0x080095ec       0x2c ./FreeRTOS/queue.o
 .text.prvIsQueueFull
                0x08009618       0x30 ./FreeRTOS/queue.o
 .text.vQueueAddToRegistry
                0x08009648       0x54 ./FreeRTOS/queue.o
                0x08009648                vQueueAddToRegistry
 .text.vQueueWaitForMessageRestricted
                0x0800969c       0x68 ./FreeRTOS/queue.o
                0x0800969c                vQueueWaitForMessageRestricted
 .text.xTaskCreate
                0x08009704       0x82 ./FreeRTOS/tasks.o
                0x08009704                xTaskCreate
 .text.prvInitialiseNewTask
                0x08009786      0x120 ./FreeRTOS/tasks.o
 *fill*         0x080098a6        0x2 
 .text.prvAddNewTaskToReadyList
                0x080098a8       0xdc ./FreeRTOS/tasks.o
 .text.vTaskDelay
                0x08009984       0x6c ./FreeRTOS/tasks.o
                0x08009984                vTaskDelay
 .text.vTaskStartScheduler
                0x080099f0       0x9c ./FreeRTOS/tasks.o
                0x080099f0                vTaskStartScheduler
 .text.vTaskSuspendAll
                0x08009a8c       0x1c ./FreeRTOS/tasks.o
                0x08009a8c                vTaskSuspendAll
 .text.xTaskResumeAll
                0x08009aa8      0x13c ./FreeRTOS/tasks.o
                0x08009aa8                xTaskResumeAll
 .text.xTaskGetTickCount
                0x08009be4       0x20 ./FreeRTOS/tasks.o
                0x08009be4                xTaskGetTickCount
 .text.xTaskIncrementTick
                0x08009c04      0x174 ./FreeRTOS/tasks.o
                0x08009c04                xTaskIncrementTick
 .text.vTaskSwitchContext
                0x08009d78       0xb8 ./FreeRTOS/tasks.o
                0x08009d78                vTaskSwitchContext
 .text.vTaskPlaceOnEventList
                0x08009e30       0x4c ./FreeRTOS/tasks.o
                0x08009e30                vTaskPlaceOnEventList
 .text.vTaskPlaceOnEventListRestricted
                0x08009e7c       0x58 ./FreeRTOS/tasks.o
                0x08009e7c                vTaskPlaceOnEventListRestricted
 .text.xTaskRemoveFromEventList
                0x08009ed4       0xc8 ./FreeRTOS/tasks.o
                0x08009ed4                xTaskRemoveFromEventList
 .text.vTaskInternalSetTimeOutState
                0x08009f9c       0x2c ./FreeRTOS/tasks.o
                0x08009f9c                vTaskInternalSetTimeOutState
 .text.xTaskCheckForTimeOut
                0x08009fc8       0xc8 ./FreeRTOS/tasks.o
                0x08009fc8                xTaskCheckForTimeOut
 .text.vTaskMissedYield
                0x0800a090       0x18 ./FreeRTOS/tasks.o
                0x0800a090                vTaskMissedYield
 .text.prvIdleTask
                0x0800a0a8       0x30 ./FreeRTOS/tasks.o
 .text.prvInitialiseTaskLists
                0x0800a0d8       0x80 ./FreeRTOS/tasks.o
 .text.prvCheckTasksWaitingTermination
                0x0800a158       0x5c ./FreeRTOS/tasks.o
 .text.prvDeleteTCB
                0x0800a1b4       0x20 ./FreeRTOS/tasks.o
 .text.prvResetNextTaskUnblockTime
                0x0800a1d4       0x40 ./FreeRTOS/tasks.o
 .text.xTaskGetSchedulerState
                0x0800a214       0x3c ./FreeRTOS/tasks.o
                0x0800a214                xTaskGetSchedulerState
 .text.xTaskPriorityInherit
                0x0800a250      0x100 ./FreeRTOS/tasks.o
                0x0800a250                xTaskPriorityInherit
 .text.xTaskPriorityDisinherit
                0x0800a350      0x110 ./FreeRTOS/tasks.o
                0x0800a350                xTaskPriorityDisinherit
 .text.vTaskPriorityDisinheritAfterTimeout
                0x0800a460      0x138 ./FreeRTOS/tasks.o
                0x0800a460                vTaskPriorityDisinheritAfterTimeout
 .text.pvTaskIncrementMutexHeldCount
                0x0800a598       0x28 ./FreeRTOS/tasks.o
                0x0800a598                pvTaskIncrementMutexHeldCount
 .text.xTaskNotifyWait
                0x0800a5c0       0xb4 ./FreeRTOS/tasks.o
                0x0800a5c0                xTaskNotifyWait
 .text.vTaskNotifyGiveFromISR
                0x0800a674      0x128 ./FreeRTOS/tasks.o
                0x0800a674                vTaskNotifyGiveFromISR
 .text.prvAddCurrentTaskToDelayedList
                0x0800a79c       0xcc ./FreeRTOS/tasks.o
 .text.xTimerCreateTimerTask
                0x0800a868       0x68 ./FreeRTOS/timers.o
                0x0800a868                xTimerCreateTimerTask
 .text.xTimerGenericCommand
                0x0800a8d0       0x9c ./FreeRTOS/timers.o
                0x0800a8d0                xTimerGenericCommand
 .text.prvProcessExpiredTimer
                0x0800a96c       0x9c ./FreeRTOS/timers.o
 .text.prvTimerTask
                0x0800aa08       0x26 ./FreeRTOS/timers.o
 *fill*         0x0800aa2e        0x2 
 .text.prvProcessTimerOrBlockTask
                0x0800aa30       0x9c ./FreeRTOS/timers.o
 .text.prvGetNextExpireTime
                0x0800aacc       0x48 ./FreeRTOS/timers.o
 .text.prvSampleTimeNow
                0x0800ab14       0x40 ./FreeRTOS/timers.o
 .text.prvInsertTimerInActiveList
                0x0800ab54       0x84 ./FreeRTOS/timers.o
 .text.prvProcessReceivedCommands
                0x0800abd8      0x194 ./FreeRTOS/timers.o
 .text.prvSwitchTimerLists
                0x0800ad6c       0xcc ./FreeRTOS/timers.o
 .text.prvCheckForValidListAndQueue
                0x0800ae38       0x6c ./FreeRTOS/timers.o
 .text.pxPortInitialiseStack
                0x0800aea4       0x68 ./FreeRTOS/portable/ARM_CM4F/port.o
                0x0800aea4                pxPortInitialiseStack
 .text.prvTaskExitError
                0x0800af0c       0x5c ./FreeRTOS/portable/ARM_CM4F/port.o
 *fill*         0x0800af68        0x8 
 .text.SVC_Handler
                0x0800af70       0x28 ./FreeRTOS/portable/ARM_CM4F/port.o
                0x0800af70                SVC_Handler
 .text.prvPortStartFirstTask
                0x0800af98       0x28 ./FreeRTOS/portable/ARM_CM4F/port.o
 .text.xPortStartScheduler
                0x0800afc0      0x148 ./FreeRTOS/portable/ARM_CM4F/port.o
                0x0800afc0                xPortStartScheduler
 .text.vPortEnterCritical
                0x0800b108       0x64 ./FreeRTOS/portable/ARM_CM4F/port.o
                0x0800b108                vPortEnterCritical
 .text.vPortExitCritical
                0x0800b16c       0x54 ./FreeRTOS/portable/ARM_CM4F/port.o
                0x0800b16c                vPortExitCritical
 .text.PendSV_Handler
                0x0800b1c0       0x68 ./FreeRTOS/portable/ARM_CM4F/port.o
                0x0800b1c0                PendSV_Handler
 .text.SysTick_Handler
                0x0800b228       0x44 ./FreeRTOS/portable/ARM_CM4F/port.o
                0x0800b228                SysTick_Handler
 .text.vPortSetupTimerInterrupt
                0x0800b26c       0x48 ./FreeRTOS/portable/ARM_CM4F/port.o
                0x0800b26c                vPortSetupTimerInterrupt
 .text.vPortEnableVFP
                0x0800b2b4       0x14 ./FreeRTOS/portable/ARM_CM4F/port.o
 .text.vPortValidateInterruptPriority
                0x0800b2c8       0x84 ./FreeRTOS/portable/ARM_CM4F/port.o
                0x0800b2c8                vPortValidateInterruptPriority
 .text.pvPortMalloc
                0x0800b34c      0x190 ./FreeRTOS/portable/MemMang/heap_4.o
                0x0800b34c                pvPortMalloc
 .text.vPortFree
                0x0800b4dc       0xb8 ./FreeRTOS/portable/MemMang/heap_4.o
                0x0800b4dc                vPortFree
 .text.prvHeapInit
                0x0800b594       0xc4 ./FreeRTOS/portable/MemMang/heap_4.o
 .text.prvInsertBlockIntoFreeList
                0x0800b658       0xb4 ./FreeRTOS/portable/MemMang/heap_4.o
 .text.disk_status
                0x0800b70c       0x34 ./Middlewares/Third_Party/FatFs/src/diskio.o
                0x0800b70c                disk_status
 .text.disk_initialize
                0x0800b740       0x50 ./Middlewares/Third_Party/FatFs/src/diskio.o
                0x0800b740                disk_initialize
 .text.disk_read
                0x0800b790       0x40 ./Middlewares/Third_Party/FatFs/src/diskio.o
                0x0800b790                disk_read
 .text.disk_write
                0x0800b7d0       0x40 ./Middlewares/Third_Party/FatFs/src/diskio.o
                0x0800b7d0                disk_write
 .text.disk_ioctl
                0x0800b810       0x3c ./Middlewares/Third_Party/FatFs/src/diskio.o
                0x0800b810                disk_ioctl
 .text.ld_word  0x0800b84c       0x30 ./Middlewares/Third_Party/FatFs/src/ff.o
 .text.ld_dword
                0x0800b87c       0x46 ./Middlewares/Third_Party/FatFs/src/ff.o
 .text.st_word  0x0800b8c2       0x36 ./Middlewares/Third_Party/FatFs/src/ff.o
 .text.st_dword
                0x0800b8f8       0x58 ./Middlewares/Third_Party/FatFs/src/ff.o
 .text.mem_cpy  0x0800b950       0x42 ./Middlewares/Third_Party/FatFs/src/ff.o
 .text.mem_set  0x0800b992       0x36 ./Middlewares/Third_Party/FatFs/src/ff.o
 .text.mem_cmp  0x0800b9c8       0x4e ./Middlewares/Third_Party/FatFs/src/ff.o
 .text.chk_chr  0x0800ba16       0x36 ./Middlewares/Third_Party/FatFs/src/ff.o
 .text.chk_lock
                0x0800ba4c       0xb8 ./Middlewares/Third_Party/FatFs/src/ff.o
 .text.enq_lock
                0x0800bb04       0x44 ./Middlewares/Third_Party/FatFs/src/ff.o
 .text.inc_lock
                0x0800bb48      0x11c ./Middlewares/Third_Party/FatFs/src/ff.o
 .text.dec_lock
                0x0800bc64       0x78 ./Middlewares/Third_Party/FatFs/src/ff.o
 .text.clear_lock
                0x0800bcdc       0x48 ./Middlewares/Third_Party/FatFs/src/ff.o
 .text.sync_window
                0x0800bd24       0x88 ./Middlewares/Third_Party/FatFs/src/ff.o
 .text.move_window
                0x0800bdac       0x5a ./Middlewares/Third_Party/FatFs/src/ff.o
 *fill*         0x0800be06        0x2 
 .text.sync_fs  0x0800be08       0xdc ./Middlewares/Third_Party/FatFs/src/ff.o
 .text.clust2sect
                0x0800bee4       0x3e ./Middlewares/Third_Party/FatFs/src/ff.o
 .text.get_fat  0x0800bf22      0x14e ./Middlewares/Third_Party/FatFs/src/ff.o
 .text.put_fat  0x0800c070      0x1d4 ./Middlewares/Third_Party/FatFs/src/ff.o
 .text.remove_chain
                0x0800c244       0xca ./Middlewares/Third_Party/FatFs/src/ff.o
 .text.create_chain
                0x0800c30e      0x130 ./Middlewares/Third_Party/FatFs/src/ff.o
 .text.clmt_clust
                0x0800c43e       0x68 ./Middlewares/Third_Party/FatFs/src/ff.o
 .text.dir_sdi  0x0800c4a6       0xf6 ./Middlewares/Third_Party/FatFs/src/ff.o
 .text.dir_next
                0x0800c59c      0x18a ./Middlewares/Third_Party/FatFs/src/ff.o
 .text.dir_alloc
                0x0800c726       0x8e ./Middlewares/Third_Party/FatFs/src/ff.o
 .text.ld_clust
                0x0800c7b4       0x3e ./Middlewares/Third_Party/FatFs/src/ff.o
 .text.st_clust
                0x0800c7f2       0x40 ./Middlewares/Third_Party/FatFs/src/ff.o
 .text.dir_read
                0x0800c832       0xba ./Middlewares/Third_Party/FatFs/src/ff.o
 .text.dir_find
                0x0800c8ec       0xaa ./Middlewares/Third_Party/FatFs/src/ff.o
 .text.dir_register
                0x0800c996       0x64 ./Middlewares/Third_Party/FatFs/src/ff.o
 .text.get_fileinfo
                0x0800c9fa       0xc0 ./Middlewares/Third_Party/FatFs/src/ff.o
 *fill*         0x0800caba        0x2 
 .text.create_name
                0x0800cabc      0x128 ./Middlewares/Third_Party/FatFs/src/ff.o
 .text.follow_path
                0x0800cbe4       0xe2 ./Middlewares/Third_Party/FatFs/src/ff.o
 .text.get_ldnumber
                0x0800ccc6       0x88 ./Middlewares/Third_Party/FatFs/src/ff.o
 *fill*         0x0800cd4e        0x2 
 .text.check_fs
                0x0800cd50       0xac ./Middlewares/Third_Party/FatFs/src/ff.o
 .text.find_volume
                0x0800cdfc      0x498 ./Middlewares/Third_Party/FatFs/src/ff.o
 .text.validate
                0x0800d294       0x6a ./Middlewares/Third_Party/FatFs/src/ff.o
 *fill*         0x0800d2fe        0x2 
 .text.f_mount  0x0800d300       0x8c ./Middlewares/Third_Party/FatFs/src/ff.o
                0x0800d300                f_mount
 .text.f_open   0x0800d38c      0x374 ./Middlewares/Third_Party/FatFs/src/ff.o
                0x0800d38c                f_open
 .text.f_read   0x0800d700      0x27e ./Middlewares/Third_Party/FatFs/src/ff.o
                0x0800d700                f_read
 .text.f_write  0x0800d97e      0x2ea ./Middlewares/Third_Party/FatFs/src/ff.o
                0x0800d97e                f_write
 .text.f_sync   0x0800dc68       0xfc ./Middlewares/Third_Party/FatFs/src/ff.o
                0x0800dc68                f_sync
 .text.f_close  0x0800dd64       0x54 ./Middlewares/Third_Party/FatFs/src/ff.o
                0x0800dd64                f_close
 .text.f_lseek  0x0800ddb8      0x412 ./Middlewares/Third_Party/FatFs/src/ff.o
                0x0800ddb8                f_lseek
 .text.f_opendir
                0x0800e1ca       0xe6 ./Middlewares/Third_Party/FatFs/src/ff.o
                0x0800e1ca                f_opendir
 .text.f_closedir
                0x0800e2b0       0x4c ./Middlewares/Third_Party/FatFs/src/ff.o
                0x0800e2b0                f_closedir
 .text.f_readdir
                0x0800e2fc       0x7a ./Middlewares/Third_Party/FatFs/src/ff.o
                0x0800e2fc                f_readdir
 *fill*         0x0800e376        0x2 
 .text.FATFS_LinkDriverEx
                0x0800e378       0x98 ./Middlewares/Third_Party/FatFs/src/ff_gen_drv.o
                0x0800e378                FATFS_LinkDriverEx
 .text.FATFS_LinkDriver
                0x0800e410       0x1e ./Middlewares/Third_Party/FatFs/src/ff_gen_drv.o
                0x0800e410                FATFS_LinkDriver
 .text._vsnprintf_r
                0x0800e42e       0x56 C:/ST/STM32CubeIDE_1.17.0/STM32CubeIDE/plugins/com.st.stm32cube.ide.mcu.externaltools.gnu-tools-for-stm32.12.3.rel1.win32_1.1.0.202410251130/tools/bin/../lib/gcc/arm-none-eabi/12.3.1/../../../../arm-none-eabi/lib/thumb/v7e-m+fp/hard\libc_nano.a(libc_a-vsnprintf.o)
                0x0800e42e                _vsniprintf_r
                0x0800e42e                _vsnprintf_r
 .text.vsnprintf
                0x0800e484       0x1c C:/ST/STM32CubeIDE_1.17.0/STM32CubeIDE/plugins/com.st.stm32cube.ide.mcu.externaltools.gnu-tools-for-stm32.12.3.rel1.win32_1.1.0.202410251130/tools/bin/../lib/gcc/arm-none-eabi/12.3.1/../../../../arm-none-eabi/lib/thumb/v7e-m+fp/hard\libc_nano.a(libc_a-vsnprintf.o)
                0x0800e484                vsniprintf
                0x0800e484                vsnprintf
 .text.memset   0x0800e4a0       0x10 C:/ST/STM32CubeIDE_1.17.0/STM32CubeIDE/plugins/com.st.stm32cube.ide.mcu.externaltools.gnu-tools-for-stm32.12.3.rel1.win32_1.1.0.202410251130/tools/bin/../lib/gcc/arm-none-eabi/12.3.1/../../../../arm-none-eabi/lib/thumb/v7e-m+fp/hard\libc_nano.a(libc_a-memset.o)
                0x0800e4a0                memset
 .text.strncpy  0x0800e4b0       0x26 C:/ST/STM32CubeIDE_1.17.0/STM32CubeIDE/plugins/com.st.stm32cube.ide.mcu.externaltools.gnu-tools-for-stm32.12.3.rel1.win32_1.1.0.202410251130/tools/bin/../lib/gcc/arm-none-eabi/12.3.1/../../../../arm-none-eabi/lib/thumb/v7e-m+fp/hard\libc_nano.a(libc_a-strncpy.o)
                0x0800e4b0                strncpy
 .text.strstr   0x0800e4d6       0x2c C:/ST/STM32CubeIDE_1.17.0/STM32CubeIDE/plugins/com.st.stm32cube.ide.mcu.externaltools.gnu-tools-for-stm32.12.3.rel1.win32_1.1.0.202410251130/tools/bin/../lib/gcc/arm-none-eabi/12.3.1/../../../../arm-none-eabi/lib/thumb/v7e-m+fp/hard\libc_nano.a(libc_a-strstr.o)
                0x0800e4d6                strstr
 *fill*         0x0800e502        0x2 
 .text.__errno  0x0800e504        0xc C:/ST/STM32CubeIDE_1.17.0/STM32CubeIDE/plugins/com.st.stm32cube.ide.mcu.externaltools.gnu-tools-for-stm32.12.3.rel1.win32_1.1.0.202410251130/tools/bin/../lib/gcc/arm-none-eabi/12.3.1/../../../../arm-none-eabi/lib/thumb/v7e-m+fp/hard\libc_nano.a(libc_a-errno.o)
                0x0800e504                __errno
 .text.__libc_init_array
                0x0800e510       0x48 C:/ST/STM32CubeIDE_1.17.0/STM32CubeIDE/plugins/com.st.stm32cube.ide.mcu.externaltools.gnu-tools-for-stm32.12.3.rel1.win32_1.1.0.202410251130/tools/bin/../lib/gcc/arm-none-eabi/12.3.1/../../../../arm-none-eabi/lib/thumb/v7e-m+fp/hard\libc_nano.a(libc_a-init.o)
                0x0800e510                __libc_init_array
 .text.__retarget_lock_acquire_recursive
                0x0800e558        0x2 C:/ST/STM32CubeIDE_1.17.0/STM32CubeIDE/plugins/com.st.stm32cube.ide.mcu.externaltools.gnu-tools-for-stm32.12.3.rel1.win32_1.1.0.202410251130/tools/bin/../lib/gcc/arm-none-eabi/12.3.1/../../../../arm-none-eabi/lib/thumb/v7e-m+fp/hard\libc_nano.a(libc_a-lock.o)
                0x0800e558                __retarget_lock_acquire_recursive
 .text.__retarget_lock_release_recursive
                0x0800e55a        0x2 C:/ST/STM32CubeIDE_1.17.0/STM32CubeIDE/plugins/com.st.stm32cube.ide.mcu.externaltools.gnu-tools-for-stm32.12.3.rel1.win32_1.1.0.202410251130/tools/bin/../lib/gcc/arm-none-eabi/12.3.1/../../../../arm-none-eabi/lib/thumb/v7e-m+fp/hard\libc_nano.a(libc_a-lock.o)
                0x0800e55a                __retarget_lock_release_recursive
 .text.memcpy   0x0800e55c       0x1c C:/ST/STM32CubeIDE_1.17.0/STM32CubeIDE/plugins/com.st.stm32cube.ide.mcu.externaltools.gnu-tools-for-stm32.12.3.rel1.win32_1.1.0.202410251130/tools/bin/../lib/gcc/arm-none-eabi/12.3.1/../../../../arm-none-eabi/lib/thumb/v7e-m+fp/hard\libc_nano.a(libc_a-memcpy-stub.o)
                0x0800e55c                memcpy
 .text._free_r  0x0800e578       0x94 C:/ST/STM32CubeIDE_1.17.0/STM32CubeIDE/plugins/com.st.stm32cube.ide.mcu.externaltools.gnu-tools-for-stm32.12.3.rel1.win32_1.1.0.202410251130/tools/bin/../lib/gcc/arm-none-eabi/12.3.1/../../../../arm-none-eabi/lib/thumb/v7e-m+fp/hard\libc_nano.a(libc_a-freer.o)
                0x0800e578                _free_r
 .text.sbrk_aligned
                0x0800e60c       0x44 C:/ST/STM32CubeIDE_1.17.0/STM32CubeIDE/plugins/com.st.stm32cube.ide.mcu.externaltools.gnu-tools-for-stm32.12.3.rel1.win32_1.1.0.202410251130/tools/bin/../lib/gcc/arm-none-eabi/12.3.1/../../../../arm-none-eabi/lib/thumb/v7e-m+fp/hard\libc_nano.a(libc_a-mallocr.o)
 .text._malloc_r
                0x0800e650      0x100 C:/ST/STM32CubeIDE_1.17.0/STM32CubeIDE/plugins/com.st.stm32cube.ide.mcu.externaltools.gnu-tools-for-stm32.12.3.rel1.win32_1.1.0.202410251130/tools/bin/../lib/gcc/arm-none-eabi/12.3.1/../../../../arm-none-eabi/lib/thumb/v7e-m+fp/hard\libc_nano.a(libc_a-mallocr.o)
                0x0800e650                _malloc_r
 .text.__malloc_lock
                0x0800e750        0xc C:/ST/STM32CubeIDE_1.17.0/STM32CubeIDE/plugins/com.st.stm32cube.ide.mcu.externaltools.gnu-tools-for-stm32.12.3.rel1.win32_1.1.0.202410251130/tools/bin/../lib/gcc/arm-none-eabi/12.3.1/../../../../arm-none-eabi/lib/thumb/v7e-m+fp/hard\libc_nano.a(libc_a-mlock.o)
                0x0800e750                __malloc_lock
 .text.__malloc_unlock
                0x0800e75c        0xc C:/ST/STM32CubeIDE_1.17.0/STM32CubeIDE/plugins/com.st.stm32cube.ide.mcu.externaltools.gnu-tools-for-stm32.12.3.rel1.win32_1.1.0.202410251130/tools/bin/../lib/gcc/arm-none-eabi/12.3.1/../../../../arm-none-eabi/lib/thumb/v7e-m+fp/hard\libc_nano.a(libc_a-mlock.o)
                0x0800e75c                __malloc_unlock
 .text.__ssputs_r
                0x0800e768       0xb6 C:/ST/STM32CubeIDE_1.17.0/STM32CubeIDE/plugins/com.st.stm32cube.ide.mcu.externaltools.gnu-tools-for-stm32.12.3.rel1.win32_1.1.0.202410251130/tools/bin/../lib/gcc/arm-none-eabi/12.3.1/../../../../arm-none-eabi/lib/thumb/v7e-m+fp/hard\libc_nano.a(libc_a-nano-svfprintf.o)
                0x0800e768                __ssputs_r
 *fill*         0x0800e81e        0x2 
 .text._svfprintf_r
                0x0800e820      0x1f8 C:/ST/STM32CubeIDE_1.17.0/STM32CubeIDE/plugins/com.st.stm32cube.ide.mcu.externaltools.gnu-tools-for-stm32.12.3.rel1.win32_1.1.0.202410251130/tools/bin/../lib/gcc/arm-none-eabi/12.3.1/../../../../arm-none-eabi/lib/thumb/v7e-m+fp/hard\libc_nano.a(libc_a-nano-svfprintf.o)
                0x0800e820                _svfiprintf_r
                0x0800e820                _svfprintf_r
 .text._printf_common
                0x0800ea18       0xda C:/ST/STM32CubeIDE_1.17.0/STM32CubeIDE/plugins/com.st.stm32cube.ide.mcu.externaltools.gnu-tools-for-stm32.12.3.rel1.win32_1.1.0.202410251130/tools/bin/../lib/gcc/arm-none-eabi/12.3.1/../../../../arm-none-eabi/lib/thumb/v7e-m+fp/hard\libc_nano.a(libc_a-nano-vfprintf_i.o)
                0x0800ea18                _printf_common
 *fill*         0x0800eaf2        0x2 
 .text._printf_i
                0x0800eaf4      0x240 C:/ST/STM32CubeIDE_1.17.0/STM32CubeIDE/plugins/com.st.stm32cube.ide.mcu.externaltools.gnu-tools-for-stm32.12.3.rel1.win32_1.1.0.202410251130/tools/bin/../lib/gcc/arm-none-eabi/12.3.1/../../../../arm-none-eabi/lib/thumb/v7e-m+fp/hard\libc_nano.a(libc_a-nano-vfprintf_i.o)
                0x0800eaf4                _printf_i
 .text.memmove  0x0800ed34       0x34 C:/ST/STM32CubeIDE_1.17.0/STM32CubeIDE/plugins/com.st.stm32cube.ide.mcu.externaltools.gnu-tools-for-stm32.12.3.rel1.win32_1.1.0.202410251130/tools/bin/../lib/gcc/arm-none-eabi/12.3.1/../../../../arm-none-eabi/lib/thumb/v7e-m+fp/hard\libc_nano.a(libc_a-memmove.o)
                0x0800ed34                memmove
 .text._sbrk_r  0x0800ed68       0x20 C:/ST/STM32CubeIDE_1.17.0/STM32CubeIDE/plugins/com.st.stm32cube.ide.mcu.externaltools.gnu-tools-for-stm32.12.3.rel1.win32_1.1.0.202410251130/tools/bin/../lib/gcc/arm-none-eabi/12.3.1/../../../../arm-none-eabi/lib/thumb/v7e-m+fp/hard\libc_nano.a(libc_a-sbrkr.o)
                0x0800ed68                _sbrk_r
 .text._realloc_r
                0x0800ed88       0x5c C:/ST/STM32CubeIDE_1.17.0/STM32CubeIDE/plugins/com.st.stm32cube.ide.mcu.externaltools.gnu-tools-for-stm32.12.3.rel1.win32_1.1.0.202410251130/tools/bin/../lib/gcc/arm-none-eabi/12.3.1/../../../../arm-none-eabi/lib/thumb/v7e-m+fp/hard\libc_nano.a(libc_a-reallocr.o)
                0x0800ed88                _realloc_r
 .text._malloc_usable_size_r
                0x0800ede4       0x10 C:/ST/STM32CubeIDE_1.17.0/STM32CubeIDE/plugins/com.st.stm32cube.ide.mcu.externaltools.gnu-tools-for-stm32.12.3.rel1.win32_1.1.0.202410251130/tools/bin/../lib/gcc/arm-none-eabi/12.3.1/../../../../arm-none-eabi/lib/thumb/v7e-m+fp/hard\libc_nano.a(libc_a-msizer.o)
                0x0800ede4                _malloc_usable_size_r
 *(.glue_7)
 .glue_7        0x0800edf4        0x0 linker stubs
 *(.glue_7t)
 .glue_7t       0x0800edf4        0x0 linker stubs
 *(.eh_frame)
 .eh_frame      0x0800edf4        0x0 C:/ST/STM32CubeIDE_1.17.0/STM32CubeIDE/plugins/com.st.stm32cube.ide.mcu.externaltools.gnu-tools-for-stm32.12.3.rel1.win32_1.1.0.202410251130/tools/bin/../lib/gcc/arm-none-eabi/12.3.1/thumb/v7e-m+fp/hard/crtbegin.o
 *(.init)
 .init          0x0800edf4        0x4 C:/ST/STM32CubeIDE_1.17.0/STM32CubeIDE/plugins/com.st.stm32cube.ide.mcu.externaltools.gnu-tools-for-stm32.12.3.rel1.win32_1.1.0.202410251130/tools/bin/../lib/gcc/arm-none-eabi/12.3.1/thumb/v7e-m+fp/hard/crti.o
                0x0800edf4                _init
 .init          0x0800edf8        0x8 C:/ST/STM32CubeIDE_1.17.0/STM32CubeIDE/plugins/com.st.stm32cube.ide.mcu.externaltools.gnu-tools-for-stm32.12.3.rel1.win32_1.1.0.202410251130/tools/bin/../lib/gcc/arm-none-eabi/12.3.1/thumb/v7e-m+fp/hard/crtn.o
 *(.fini)
 .fini          0x0800ee00        0x4 C:/ST/STM32CubeIDE_1.17.0/STM32CubeIDE/plugins/com.st.stm32cube.ide.mcu.externaltools.gnu-tools-for-stm32.12.3.rel1.win32_1.1.0.202410251130/tools/bin/../lib/gcc/arm-none-eabi/12.3.1/thumb/v7e-m+fp/hard/crti.o
                0x0800ee00                _fini
 .fini          0x0800ee04        0x8 C:/ST/STM32CubeIDE_1.17.0/STM32CubeIDE/plugins/com.st.stm32cube.ide.mcu.externaltools.gnu-tools-for-stm32.12.3.rel1.win32_1.1.0.202410251130/tools/bin/../lib/gcc/arm-none-eabi/12.3.1/thumb/v7e-m+fp/hard/crtn.o
                0x0800ee0c                        . = ALIGN (0x4)
                0x0800ee0c                        _etext = .

.vfp11_veneer   0x0800ee0c        0x0
 .vfp11_veneer  0x0800ee0c        0x0 linker stubs

.v4_bx          0x0800ee0c        0x0
 .v4_bx         0x0800ee0c        0x0 linker stubs

.iplt           0x0800ee0c        0x0
 .iplt          0x0800ee0c        0x0 C:/ST/STM32CubeIDE_1.17.0/STM32CubeIDE/plugins/com.st.stm32cube.ide.mcu.externaltools.gnu-tools-for-stm32.12.3.rel1.win32_1.1.0.202410251130/tools/bin/../lib/gcc/arm-none-eabi/12.3.1/thumb/v7e-m+fp/hard/crtbegin.o

.rodata         0x0800ee0c      0x700
                0x0800ee0c                        . = ALIGN (0x4)
 *(.rodata)
 .rodata        0x0800ee0c      0x133 ./Core/Src/File_Handling.o
 *fill*         0x0800ef3f        0x1 
 .rodata        0x0800ef40      0x434 ./Core/Src/main.o
 .rodata        0x0800f374        0x5 ./FreeRTOS/tasks.o
 *fill*         0x0800f379        0x3 
 .rodata        0x0800f37c        0xd ./FreeRTOS/timers.o
 *fill*         0x0800f389        0x3 
 .rodata        0x0800f38c       0x44 ./Middlewares/Third_Party/FatFs/src/ff.o
 *(.rodata*)
 .rodata.I2SFreq
                0x0800f3d0       0x20 ./Core/Src/AUDIO.o
                0x0800f3d0                I2SFreq
 .rodata.I2SPLLN
                0x0800f3f0       0x20 ./Core/Src/AUDIO.o
                0x0800f3f0                I2SPLLN
 .rodata.I2SPLLR
                0x0800f410       0x20 ./Core/Src/AUDIO.o
                0x0800f410                I2SPLLR
 .rodata.LONG_MILLIS_MIN.1
                0x0800f430        0x4 ./Core/Src/main.o
 .rodata.DOUBLE_GAP_MILLIS_MAX.0
                0x0800f434        0x4 ./Core/Src/main.o
 .rodata.AHBPrescTable
                0x0800f438       0x10 ./Core/Src/system_stm32f4xx.o
                0x0800f438                AHBPrescTable
 .rodata.APBPrescTable
                0x0800f448        0x8 ./Core/Src/system_stm32f4xx.o
                0x0800f448                APBPrescTable
 .rodata.flagBitshiftOffset.0
                0x0800f450        0x8 ./Drivers/STM32F4xx_HAL_Driver/Src/stm32f4xx_hal_dma.o
 .rodata.ExCvt  0x0800f458       0x80 ./Middlewares/Third_Party/FatFs/src/ff.o
 .rodata._svfprintf_r.str1.1
                0x0800f4d8       0x11 C:/ST/STM32CubeIDE_1.17.0/STM32CubeIDE/plugins/com.st.stm32cube.ide.mcu.externaltools.gnu-tools-for-stm32.12.3.rel1.win32_1.1.0.202410251130/tools/bin/../lib/gcc/arm-none-eabi/12.3.1/../../../../arm-none-eabi/lib/thumb/v7e-m+fp/hard\libc_nano.a(libc_a-nano-svfprintf.o)
 .rodata._printf_i.str1.1
                0x0800f4e9       0x22 C:/ST/STM32CubeIDE_1.17.0/STM32CubeIDE/plugins/com.st.stm32cube.ide.mcu.externaltools.gnu-tools-for-stm32.12.3.rel1.win32_1.1.0.202410251130/tools/bin/../lib/gcc/arm-none-eabi/12.3.1/../../../../arm-none-eabi/lib/thumb/v7e-m+fp/hard\libc_nano.a(libc_a-nano-vfprintf_i.o)
                0x0800f50c                        . = ALIGN (0x4)
 *fill*         0x0800f50b        0x1 

.ARM.extab      0x0800f50c        0x0
                0x0800f50c                        . = ALIGN (0x4)
 *(.ARM.extab* .gnu.linkonce.armextab.*)
                0x0800f50c                        . = ALIGN (0x4)

.ARM            0x0800f50c        0x8
                0x0800f50c                        . = ALIGN (0x4)
                0x0800f50c                        __exidx_start = .
 *(.ARM.exidx*)
 .ARM.exidx     0x0800f50c        0x8 C:/ST/STM32CubeIDE_1.17.0/STM32CubeIDE/plugins/com.st.stm32cube.ide.mcu.externaltools.gnu-tools-for-stm32.12.3.rel1.win32_1.1.0.202410251130/tools/bin/../lib/gcc/arm-none-eabi/12.3.1/../../../../arm-none-eabi/lib/thumb/v7e-m+fp/hard\libc_nano.a(libc_a-strlen.o)
 .ARM.exidx     0x0800f514        0x0 C:/ST/STM32CubeIDE_1.17.0/STM32CubeIDE/plugins/com.st.stm32cube.ide.mcu.externaltools.gnu-tools-for-stm32.12.3.rel1.win32_1.1.0.202410251130/tools/bin/../lib/gcc/arm-none-eabi/12.3.1/../../../../arm-none-eabi/lib/thumb/v7e-m+fp/hard\libc_nano.a(libc_a-memchr.o)
                                  0x8 (size before relaxing)
 .ARM.exidx     0x0800f514        0x0 C:/ST/STM32CubeIDE_1.17.0/STM32CubeIDE/plugins/com.st.stm32cube.ide.mcu.externaltools.gnu-tools-for-stm32.12.3.rel1.win32_1.1.0.202410251130/tools/bin/../lib/gcc/arm-none-eabi/12.3.1/thumb/v7e-m+fp/hard\libgcc.a(_udivmoddi4.o)
                                  0x8 (size before relaxing)
                0x0800f514                        __exidx_end = .
                0x0800f514                        . = ALIGN (0x4)

.preinit_array  0x0800f514        0x0
                0x0800f514                        . = ALIGN (0x4)
                0x0800f514                        PROVIDE (__preinit_array_start = .)
 *(.preinit_array*)
                0x0800f514                        PROVIDE (__preinit_array_end = .)
                0x0800f514                        . = ALIGN (0x4)

.init_array     0x0800f514        0x4
                0x0800f514                        . = ALIGN (0x4)
                0x0800f514                        PROVIDE (__init_array_start = .)
 *(SORT_BY_NAME(.init_array.*))
 *(.init_array*)
 .init_array    0x0800f514        0x4 C:/ST/STM32CubeIDE_1.17.0/STM32CubeIDE/plugins/com.st.stm32cube.ide.mcu.externaltools.gnu-tools-for-stm32.12.3.rel1.win32_1.1.0.202410251130/tools/bin/../lib/gcc/arm-none-eabi/12.3.1/thumb/v7e-m+fp/hard/crtbegin.o
                0x0800f518                        PROVIDE (__init_array_end = .)
                0x0800f518                        . = ALIGN (0x4)

.fini_array     0x0800f518        0x4
                0x0800f518                        . = ALIGN (0x4)
                [!provide]                        PROVIDE (__fini_array_start = .)
 *(SORT_BY_NAME(.fini_array.*))
 *(.fini_array*)
 .fini_array    0x0800f518        0x4 C:/ST/STM32CubeIDE_1.17.0/STM32CubeIDE/plugins/com.st.stm32cube.ide.mcu.externaltools.gnu-tools-for-stm32.12.3.rel1.win32_1.1.0.202410251130/tools/bin/../lib/gcc/arm-none-eabi/12.3.1/thumb/v7e-m+fp/hard/crtbegin.o
                [!provide]                        PROVIDE (__fini_array_end = .)
                0x0800f51c                        . = ALIGN (0x4)
                0x0800f51c                        _sidata = LOADADDR (.data)

.rel.dyn        0x0800f51c        0x0
 .rel.iplt      0x0800f51c        0x0 C:/ST/STM32CubeIDE_1.17.0/STM32CubeIDE/plugins/com.st.stm32cube.ide.mcu.externaltools.gnu-tools-for-stm32.12.3.rel1.win32_1.1.0.202410251130/tools/bin/../lib/gcc/arm-none-eabi/12.3.1/thumb/v7e-m+fp/hard/crtbegin.o

.data           0x20000000       0xb4 load address 0x0800f51c
                0x20000000                        . = ALIGN (0x4)
                0x20000000                        _sdata = .
 *(.data)
 *(.data*)
 .data.I2cxTimeout
                0x20000000        0x4 ./Core/Src/AUDIO_LINK.o
                0x20000000                I2cxTimeout
 .data.cs43l22_drv
                0x20000004       0x30 ./Core/Src/cs43l22.o
                0x20000004                cs43l22_drv
 .data.Is_cs43l22_Stop
                0x20000034        0x1 ./Core/Src/cs43l22.o
 *fill*         0x20000035        0x3 
 .data.SystemCoreClock
                0x20000038        0x4 ./Core/Src/system_stm32f4xx.o
                0x20000038                SystemCoreClock
 .data.uwVolume
                0x2000003c        0x4 ./Core/Src/waveplayer.o
 .data.uwTickPrio
                0x20000040        0x4 ./Drivers/STM32F4xx_HAL_Driver/Src/stm32f4xx_hal.o
                0x20000040                uwTickPrio
 .data.uwTickFreq
                0x20000044        0x1 ./Drivers/STM32F4xx_HAL_Driver/Src/stm32f4xx_hal.o
                0x20000044                uwTickFreq
 *fill*         0x20000045        0x3 
 .data.USER_Driver
                0x20000048       0x14 ./FATFS/Target/user_diskio.o
                0x20000048                USER_Driver
 .data.Stat     0x2000005c        0x1 ./FATFS/Target/user_diskio_spi.o
 *fill*         0x2000005d        0x3 
 .data.uxCriticalNesting
                0x20000060        0x4 ./FreeRTOS/portable/ARM_CM4F/port.o
 .data._impure_ptr
                0x20000064        0x4 C:/ST/STM32CubeIDE_1.17.0/STM32CubeIDE/plugins/com.st.stm32cube.ide.mcu.externaltools.gnu-tools-for-stm32.12.3.rel1.win32_1.1.0.202410251130/tools/bin/../lib/gcc/arm-none-eabi/12.3.1/../../../../arm-none-eabi/lib/thumb/v7e-m+fp/hard\libc_nano.a(libc_a-impure.o)
                0x20000064                _impure_ptr
 .data._impure_data
                0x20000068       0x4c C:/ST/STM32CubeIDE_1.17.0/STM32CubeIDE/plugins/com.st.stm32cube.ide.mcu.externaltools.gnu-tools-for-stm32.12.3.rel1.win32_1.1.0.202410251130/tools/bin/../lib/gcc/arm-none-eabi/12.3.1/../../../../arm-none-eabi/lib/thumb/v7e-m+fp/hard\libc_nano.a(libc_a-impure.o)
                0x20000068                _impure_data
 *(.RamFunc)
 *(.RamFunc*)
                0x200000b4                        . = ALIGN (0x4)
                0x200000b4                        _edata = .
                0x0800f5d0                        _siccmram = LOADADDR (.ccmram)

.igot.plt       0x200000b4        0x0 load address 0x0800f5d0
 .igot.plt      0x200000b4        0x0 C:/ST/STM32CubeIDE_1.17.0/STM32CubeIDE/plugins/com.st.stm32cube.ide.mcu.externaltools.gnu-tools-for-stm32.12.3.rel1.win32_1.1.0.202410251130/tools/bin/../lib/gcc/arm-none-eabi/12.3.1/thumb/v7e-m+fp/hard/crtbegin.o

.ccmram         0x10000000        0x0 load address 0x0800f5d0
                0x10000000                        . = ALIGN (0x4)
                0x10000000                        _sccmram = .
 *(.ccmram)
 *(.ccmram*)
                0x10000000                        . = ALIGN (0x4)
                0x10000000                        _eccmram = .
                0x10000000                        . = ALIGN (0x4)

.bss            0x200000b4    0x14bd0
                0x200000b4                        _sbss = .
                0x200000b4                        __bss_start__ = _sbss
 *(.bss)
 .bss           0x200000b4       0x1c C:/ST/STM32CubeIDE_1.17.0/STM32CubeIDE/plugins/com.st.stm32cube.ide.mcu.externaltools.gnu-tools-for-stm32.12.3.rel1.win32_1.1.0.202410251130/tools/bin/../lib/gcc/arm-none-eabi/12.3.1/thumb/v7e-m+fp/hard/crtbegin.o
 *(.bss*)
 .bss.pAudioDrv
                0x200000d0        0x4 ./Core/Src/AUDIO.o
 .bss.hAudioOutI2s
                0x200000d4       0x48 ./Core/Src/AUDIO.o
                0x200000d4                hAudioOutI2s
 .bss.hdma_i2sTx.0
                0x2000011c       0x60 ./Core/Src/AUDIO.o
 .bss.I2cHandle
                0x2000017c       0x54 ./Core/Src/AUDIO_LINK.o
 .bss.fs        0x200001d0      0x230 ./Core/Src/File_Handling.o
                0x200001d0                fs
 .bss.fresult   0x20000400        0x1 ./Core/Src/File_Handling.o
                0x20000400                fresult
 *fill*         0x20000401        0x1 
 .bss.NumObs    0x20000402        0x2 ./Core/Src/File_Handling.o
                0x20000402                NumObs
 .bss.OutputDev
                0x20000404        0x1 ./Core/Src/cs43l22.o
                0x20000404                OutputDev
 *fill*         0x20000405        0x3 
 .bss.hi2c1     0x20000408       0x54 ./Core/Src/main.o
                0x20000408                hi2c1
 .bss.hi2s3     0x2000045c       0x48 ./Core/Src/main.o
                0x2000045c                hi2s3
 .bss.hdma_spi3_tx
                0x200004a4       0x60 ./Core/Src/main.o
                0x200004a4                hdma_spi3_tx
 .bss.hspi2     0x20000504       0x58 ./Core/Src/main.o
                0x20000504                hspi2
 .bss.huart2    0x2000055c       0x48 ./Core/Src/main.o
                0x2000055c                huart2
 .bss.buttonTaskHandle
                0x200005a4        0x4 ./Core/Src/main.o
                0x200005a4                buttonTaskHandle
 .bss.currentState
                0x200005a8        0x1 ./Core/Src/main.o
                0x200005a8                currentState
 *fill*         0x200005a9        0x3 
 .bss.fatfsMutex
                0x200005ac        0x4 ./Core/Src/main.o
                0x200005ac                fatfsMutex
 .bss.logQueue  0x200005b0        0x4 ./Core/Src/main.o
                0x200005b0                logQueue
 .bss.current_state.4
                0x200005b4        0x1 ./Core/Src/main.o
 *fill*         0x200005b5        0x3 
 .bss.button_down_ts.3
                0x200005b8        0x4 ./Core/Src/main.o
 .bss.button_up_ts.2
                0x200005bc        0x4 ./Core/Src/main.o
 .bss.buffer.0  0x200005c0      0x100 ./Core/Src/myprintf.o
 .bss.htim2     0x200006c0       0x48 ./Core/Src/stm32f4xx_hal_timebase_tim.o
                0x200006c0                htim2
 .bss.__sbrk_heap_end
                0x20000708        0x4 ./Core/Src/sysmem.o
 .bss.BufferCtl
                0x2000070c     0x1008 ./Core/Src/waveplayer.o
 .bss.AudioState
                0x20001714        0x1 ./Core/Src/waveplayer.o
                0x20001714                AudioState
 *fill*         0x20001715        0x1 
 .bss.FilePos   0x20001716        0x2 ./Core/Src/waveplayer.o
 .bss.FileList  0x20001718      0x3da ./Core/Src/waveplayer.o
                0x20001718                FileList
 *fill*         0x20001af2        0x2 
 .bss.WaveFormat
                0x20001af4       0x2c ./Core/Src/waveplayer.o
                0x20001af4                WaveFormat
 .bss.WavFile   0x20001b20      0x230 ./Core/Src/waveplayer.o
                0x20001b20                WavFile
 .bss.uwTick    0x20001d50        0x4 ./Drivers/STM32F4xx_HAL_Driver/Src/stm32f4xx_hal.o
                0x20001d50                uwTick
 .bss.retUSER   0x20001d54        0x1 ./FATFS/App/fatfs.o
                0x20001d54                retUSER
 *fill*         0x20001d55        0x3 
 .bss.USERPath  0x20001d58        0x4 ./FATFS/App/fatfs.o
                0x20001d58                USERPath
 .bss.CardType  0x20001d5c        0x1 ./FATFS/Target/user_diskio_spi.o
 *fill*         0x20001d5d        0x3 
 .bss.spiTimerTickStart
                0x20001d60        0x4 ./FATFS/Target/user_diskio_spi.o
                0x20001d60                spiTimerTickStart
 .bss.spiTimerTickDelay
                0x20001d64        0x4 ./FATFS/Target/user_diskio_spi.o
                0x20001d64                spiTimerTickDelay
 .bss.xQueueRegistry
                0x20001d68       0x40 ./FreeRTOS/queue.o
                0x20001d68                xQueueRegistry
 .bss.pxCurrentTCB
                0x20001da8        0x4 ./FreeRTOS/tasks.o
                0x20001da8                pxCurrentTCB
 .bss.pxReadyTasksLists
                0x20001dac       0x64 ./FreeRTOS/tasks.o
 .bss.xDelayedTaskList1
                0x20001e10       0x14 ./FreeRTOS/tasks.o
 .bss.xDelayedTaskList2
                0x20001e24       0x14 ./FreeRTOS/tasks.o
 .bss.pxDelayedTaskList
                0x20001e38        0x4 ./FreeRTOS/tasks.o
 .bss.pxOverflowDelayedTaskList
                0x20001e3c        0x4 ./FreeRTOS/tasks.o
 .bss.xPendingReadyList
                0x20001e40       0x14 ./FreeRTOS/tasks.o
 .bss.xTasksWaitingTermination
                0x20001e54       0x14 ./FreeRTOS/tasks.o
 .bss.uxDeletedTasksWaitingCleanUp
                0x20001e68        0x4 ./FreeRTOS/tasks.o
 .bss.xSuspendedTaskList
                0x20001e6c       0x14 ./FreeRTOS/tasks.o
 .bss.uxCurrentNumberOfTasks
                0x20001e80        0x4 ./FreeRTOS/tasks.o
 .bss.xTickCount
                0x20001e84        0x4 ./FreeRTOS/tasks.o
 .bss.uxTopReadyPriority
                0x20001e88        0x4 ./FreeRTOS/tasks.o
 .bss.xSchedulerRunning
                0x20001e8c        0x4 ./FreeRTOS/tasks.o
 .bss.uxPendedTicks
                0x20001e90        0x4 ./FreeRTOS/tasks.o
 .bss.xYieldPending
                0x20001e94        0x4 ./FreeRTOS/tasks.o
 .bss.xNumOfOverflows
                0x20001e98        0x4 ./FreeRTOS/tasks.o
 .bss.uxTaskNumber
                0x20001e9c        0x4 ./FreeRTOS/tasks.o
 .bss.xNextTaskUnblockTime
                0x20001ea0        0x4 ./FreeRTOS/tasks.o
 .bss.xIdleTaskHandle
                0x20001ea4        0x4 ./FreeRTOS/tasks.o
 .bss.uxSchedulerSuspended
                0x20001ea8        0x4 ./FreeRTOS/tasks.o
 .bss.xActiveTimerList1
                0x20001eac       0x14 ./FreeRTOS/timers.o
 .bss.xActiveTimerList2
                0x20001ec0       0x14 ./FreeRTOS/timers.o
 .bss.pxCurrentTimerList
                0x20001ed4        0x4 ./FreeRTOS/timers.o
 .bss.pxOverflowTimerList
                0x20001ed8        0x4 ./FreeRTOS/timers.o
 .bss.xTimerQueue
                0x20001edc        0x4 ./FreeRTOS/timers.o
 .bss.xTimerTaskHandle
                0x20001ee0        0x4 ./FreeRTOS/timers.o
 .bss.xLastTime.0
                0x20001ee4        0x4 ./FreeRTOS/timers.o
 .bss.ucMaxSysCallPriority
                0x20001ee8        0x1 ./FreeRTOS/portable/ARM_CM4F/port.o
 *fill*         0x20001ee9        0x3 
 .bss.ulMaxPRIGROUPValue
                0x20001eec        0x4 ./FreeRTOS/portable/ARM_CM4F/port.o
 .bss.ucHeap    0x20001ef0    0x12c00 ./FreeRTOS/portable/MemMang/heap_4.o
 .bss.xStart    0x20014af0        0x8 ./FreeRTOS/portable/MemMang/heap_4.o
 .bss.pxEnd     0x20014af8        0x4 ./FreeRTOS/portable/MemMang/heap_4.o
 .bss.xFreeBytesRemaining
                0x20014afc        0x4 ./FreeRTOS/portable/MemMang/heap_4.o
 .bss.xMinimumEverFreeBytesRemaining
                0x20014b00        0x4 ./FreeRTOS/portable/MemMang/heap_4.o
 .bss.xBlockAllocatedBit
                0x20014b04        0x4 ./FreeRTOS/portable/MemMang/heap_4.o
 .bss.FatFs     0x20014b08        0x4 ./Middlewares/Third_Party/FatFs/src/ff.o
 .bss.Fsid      0x20014b0c        0x2 ./Middlewares/Third_Party/FatFs/src/ff.o
 *fill*         0x20014b0e        0x2 
 .bss.Files     0x20014b10       0x20 ./Middlewares/Third_Party/FatFs/src/ff.o
 .bss.disk      0x20014b30        0xc ./Middlewares/Third_Party/FatFs/src/ff_gen_drv.o
                0x20014b30                disk
 .bss.__sf      0x20014b3c      0x138 C:/ST/STM32CubeIDE_1.17.0/STM32CubeIDE/plugins/com.st.stm32cube.ide.mcu.externaltools.gnu-tools-for-stm32.12.3.rel1.win32_1.1.0.202410251130/tools/bin/../lib/gcc/arm-none-eabi/12.3.1/../../../../arm-none-eabi/lib/thumb/v7e-m+fp/hard\libc_nano.a(libc_a-findfp.o)
                0x20014b3c                __sf
 .bss.errno     0x20014c74        0x4 C:/ST/STM32CubeIDE_1.17.0/STM32CubeIDE/plugins/com.st.stm32cube.ide.mcu.externaltools.gnu-tools-for-stm32.12.3.rel1.win32_1.1.0.202410251130/tools/bin/../lib/gcc/arm-none-eabi/12.3.1/../../../../arm-none-eabi/lib/thumb/v7e-m+fp/hard\libc_nano.a(libc_a-reent.o)
                0x20014c74                errno
 .bss.__lock___malloc_recursive_mutex
                0x20014c78        0x1 C:/ST/STM32CubeIDE_1.17.0/STM32CubeIDE/plugins/com.st.stm32cube.ide.mcu.externaltools.gnu-tools-for-stm32.12.3.rel1.win32_1.1.0.202410251130/tools/bin/../lib/gcc/arm-none-eabi/12.3.1/../../../../arm-none-eabi/lib/thumb/v7e-m+fp/hard\libc_nano.a(libc_a-lock.o)
                0x20014c78                __lock___malloc_recursive_mutex
 *fill*         0x20014c79        0x3 
 .bss.__malloc_sbrk_start
                0x20014c7c        0x4 C:/ST/STM32CubeIDE_1.17.0/STM32CubeIDE/plugins/com.st.stm32cube.ide.mcu.externaltools.gnu-tools-for-stm32.12.3.rel1.win32_1.1.0.202410251130/tools/bin/../lib/gcc/arm-none-eabi/12.3.1/../../../../arm-none-eabi/lib/thumb/v7e-m+fp/hard\libc_nano.a(libc_a-mallocr.o)
                0x20014c7c                __malloc_sbrk_start
 .bss.__malloc_free_list
                0x20014c80        0x4 C:/ST/STM32CubeIDE_1.17.0/STM32CubeIDE/plugins/com.st.stm32cube.ide.mcu.externaltools.gnu-tools-for-stm32.12.3.rel1.win32_1.1.0.202410251130/tools/bin/../lib/gcc/arm-none-eabi/12.3.1/../../../../arm-none-eabi/lib/thumb/v7e-m+fp/hard\libc_nano.a(libc_a-mallocr.o)
                0x20014c80                __malloc_free_list
 *(COMMON)
                0x20014c84                        . = ALIGN (0x4)
                0x20014c84                        _ebss = .
                0x20014c84                        __bss_end__ = _ebss

._user_heap_stack
                0x20014c84      0x604
                0x20014c88                        . = ALIGN (0x8)
 *fill*         0x20014c84        0x4 
                [!provide]                        PROVIDE (end = .)
                0x20014c88                        PROVIDE (_end = .)
                0x20014e88                        . = (. + _Min_Heap_Size)
 *fill*         0x20014c88      0x200 
                0x20015288                        . = (. + _Min_Stack_Size)
 *fill*         0x20014e88      0x400 
                0x20015288                        . = ALIGN (0x8)

/DISCARD/
 libc.a(*)
 libm.a(*)
 libgcc.a(*)

.ARM.attributes
                0x00000000       0x30
 *(.ARM.attributes)
 .ARM.attributes
                0x00000000       0x22 C:/ST/STM32CubeIDE_1.17.0/STM32CubeIDE/plugins/com.st.stm32cube.ide.mcu.externaltools.gnu-tools-for-stm32.12.3.rel1.win32_1.1.0.202410251130/tools/bin/../lib/gcc/arm-none-eabi/12.3.1/thumb/v7e-m+fp/hard/crti.o
 .ARM.attributes
                0x00000022       0x34 C:/ST/STM32CubeIDE_1.17.0/STM32CubeIDE/plugins/com.st.stm32cube.ide.mcu.externaltools.gnu-tools-for-stm32.12.3.rel1.win32_1.1.0.202410251130/tools/bin/../lib/gcc/arm-none-eabi/12.3.1/thumb/v7e-m+fp/hard/crtbegin.o
 .ARM.attributes
                0x00000056       0x34 ./Core/Src/AUDIO.o
 .ARM.attributes
                0x0000008a       0x34 ./Core/Src/AUDIO_LINK.o
 .ARM.attributes
                0x000000be       0x34 ./Core/Src/File_Handling.o
 .ARM.attributes
                0x000000f2       0x34 ./Core/Src/cs43l22.o
 .ARM.attributes
                0x00000126       0x34 ./Core/Src/main.o
 .ARM.attributes
                0x0000015a       0x34 ./Core/Src/myprintf.o
 .ARM.attributes
                0x0000018e       0x34 ./Core/Src/stm32f4xx_hal_msp.o
 .ARM.attributes
                0x000001c2       0x34 ./Core/Src/stm32f4xx_hal_timebase_tim.o
 .ARM.attributes
                0x000001f6       0x34 ./Core/Src/stm32f4xx_it.o
 .ARM.attributes
                0x0000022a       0x34 ./Core/Src/sysmem.o
 .ARM.attributes
                0x0000025e       0x34 ./Core/Src/system_stm32f4xx.o
 .ARM.attributes
                0x00000292       0x34 ./Core/Src/waveplayer.o
 .ARM.attributes
                0x000002c6       0x21 ./Core/Startup/startup_stm32f407vgtx.o
 .ARM.attributes
                0x000002e7       0x34 ./Drivers/STM32F4xx_HAL_Driver/Src/stm32f4xx_hal.o
 .ARM.attributes
                0x0000031b       0x34 ./Drivers/STM32F4xx_HAL_Driver/Src/stm32f4xx_hal_cortex.o
 .ARM.attributes
                0x0000034f       0x34 ./Drivers/STM32F4xx_HAL_Driver/Src/stm32f4xx_hal_dma.o
 .ARM.attributes
                0x00000383       0x34 ./Drivers/STM32F4xx_HAL_Driver/Src/stm32f4xx_hal_gpio.o
 .ARM.attributes
                0x000003b7       0x34 ./Drivers/STM32F4xx_HAL_Driver/Src/stm32f4xx_hal_i2c.o
 .ARM.attributes
                0x000003eb       0x34 ./Drivers/STM32F4xx_HAL_Driver/Src/stm32f4xx_hal_i2s.o
 .ARM.attributes
                0x0000041f       0x34 ./Drivers/STM32F4xx_HAL_Driver/Src/stm32f4xx_hal_i2s_ex.o
 .ARM.attributes
                0x00000453       0x34 ./Drivers/STM32F4xx_HAL_Driver/Src/stm32f4xx_hal_rcc.o
 .ARM.attributes
                0x00000487       0x34 ./Drivers/STM32F4xx_HAL_Driver/Src/stm32f4xx_hal_rcc_ex.o
 .ARM.attributes
                0x000004bb       0x34 ./Drivers/STM32F4xx_HAL_Driver/Src/stm32f4xx_hal_spi.o
 .ARM.attributes
                0x000004ef       0x34 ./Drivers/STM32F4xx_HAL_Driver/Src/stm32f4xx_hal_tim.o
 .ARM.attributes
                0x00000523       0x34 ./Drivers/STM32F4xx_HAL_Driver/Src/stm32f4xx_hal_tim_ex.o
 .ARM.attributes
                0x00000557       0x34 ./Drivers/STM32F4xx_HAL_Driver/Src/stm32f4xx_hal_uart.o
 .ARM.attributes
                0x0000058b       0x34 ./FATFS/App/fatfs.o
 .ARM.attributes
                0x000005bf       0x34 ./FATFS/Target/user_diskio.o
 .ARM.attributes
                0x000005f3       0x34 ./FATFS/Target/user_diskio_spi.o
 .ARM.attributes
                0x00000627       0x34 ./FreeRTOS/list.o
 .ARM.attributes
                0x0000065b       0x34 ./FreeRTOS/queue.o
 .ARM.attributes
                0x0000068f       0x34 ./FreeRTOS/tasks.o
 .ARM.attributes
                0x000006c3       0x34 ./FreeRTOS/timers.o
 .ARM.attributes
                0x000006f7       0x34 ./FreeRTOS/portable/ARM_CM4F/port.o
 .ARM.attributes
                0x0000072b       0x34 ./FreeRTOS/portable/MemMang/heap_4.o
 .ARM.attributes
                0x0000075f       0x34 ./Middlewares/Third_Party/FatFs/src/diskio.o
 .ARM.attributes
                0x00000793       0x34 ./Middlewares/Third_Party/FatFs/src/ff.o
 .ARM.attributes
                0x000007c7       0x34 ./Middlewares/Third_Party/FatFs/src/ff_gen_drv.o
 .ARM.attributes
                0x000007fb       0x34 C:/ST/STM32CubeIDE_1.17.0/STM32CubeIDE/plugins/com.st.stm32cube.ide.mcu.externaltools.gnu-tools-for-stm32.12.3.rel1.win32_1.1.0.202410251130/tools/bin/../lib/gcc/arm-none-eabi/12.3.1/../../../../arm-none-eabi/lib/thumb/v7e-m+fp/hard\libc_nano.a(libc_a-findfp.o)
 .ARM.attributes
                0x0000082f       0x34 C:/ST/STM32CubeIDE_1.17.0/STM32CubeIDE/plugins/com.st.stm32cube.ide.mcu.externaltools.gnu-tools-for-stm32.12.3.rel1.win32_1.1.0.202410251130/tools/bin/../lib/gcc/arm-none-eabi/12.3.1/../../../../arm-none-eabi/lib/thumb/v7e-m+fp/hard\libc_nano.a(libc_a-vsnprintf.o)
 .ARM.attributes
                0x00000863       0x34 C:/ST/STM32CubeIDE_1.17.0/STM32CubeIDE/plugins/com.st.stm32cube.ide.mcu.externaltools.gnu-tools-for-stm32.12.3.rel1.win32_1.1.0.202410251130/tools/bin/../lib/gcc/arm-none-eabi/12.3.1/../../../../arm-none-eabi/lib/thumb/v7e-m+fp/hard\libc_nano.a(libc_a-memset.o)
 .ARM.attributes
                0x00000897       0x34 C:/ST/STM32CubeIDE_1.17.0/STM32CubeIDE/plugins/com.st.stm32cube.ide.mcu.externaltools.gnu-tools-for-stm32.12.3.rel1.win32_1.1.0.202410251130/tools/bin/../lib/gcc/arm-none-eabi/12.3.1/../../../../arm-none-eabi/lib/thumb/v7e-m+fp/hard\libc_nano.a(libc_a-strncpy.o)
 .ARM.attributes