../Core/Src/main.c:102:6:LogOperation	144	static
../Core/Src/main.c:113:6:PrintLogFile	704	static
../Core/Src/main.c:141:6:LogTask	712	static
../Core/Src/main.c:193:6:isButtonPressed	8	static
../Core/Src/main.c:208:14:getButtonEvent	24	static
../Core/Src/main.c:283:6:ButtonTask	24	static
../Core/Src/main.c:352:6:AudioPlayerTask	24	static
../Core/Src/main.c:370:6:HAL_GPIO_EXTI_Callback	24	static,ignoring_inline_asm
../Core/Src/main.c:383:5:main	16	static
../Core/Src/main.c:446:6:SystemClock_Config	88	static
../Core/Src/main.c:492:13:MX_I2C1_Init	8	static
../Core/Src/main.c:526:13:MX_I2S3_Init	8	static
../Core/Src/main.c:560:13:MX_SPI2_Init	8	static
../Core/Src/main.c:598:13:MX_USART2_UART_Init	8	static
../Core/Src/main.c:629:13:MX_DMA_Init	16	static
../Core/Src/main.c:647:13:MX_GPIO_Init	48	static
../Core/Src/main.c:695:6:HAL_TIM_PeriodElapsedCallback	16	static
../Core/Src/main.c:712:6:Error_Handler	4	static,ignoring_inline_asm
